10:43:58.332 [Send] W=0 A=0 S=0 D=0 HWA=1.00 accel=0.00 decel=0.00 | emerg=0 mode=0
10:44:06.813 [KeyDown] keyCode=LWin focused=txtRouteIP
10:44:07.193 [KeyUp] keyCode=LWin
10:44:07.224 [KeyUp] keyCode=V
10:44:09.760 [KeyDown] keyCode=ControlKey focused=txtRouteIP
10:44:09.797 [KeyDown] keyCode=V focused=txtRouteIP
10:44:09.804 [KeyUp] keyCode=V
10:44:09.826 [KeyUp] keyCode=ControlKey
10:44:12.329 [KeyDown] keyCode=D1 focused=txtRoutePort
10:44:12.453 [KeyUp] keyCode=D1
10:44:12.613 [KeyDown] keyCode=D2 focused=txtRoutePort
10:44:12.674 [KeyUp] keyCode=D2
10:44:12.929 [KeyDown] keyCode=D3 focused=txtRoutePort
10:44:13.044 [KeyUp] keyCode=D3
10:44:13.191 [KeyDown] keyCode=D4 focused=txtRoutePort
10:44:13.288 [KeyUp] keyCode=D4
10:44:13.428 [KeyDown] keyCode=D5 focused=txtRoutePort
10:44:13.514 [KeyUp] keyCode=D5
10:44:15.993 [KeyDown] keyCode=ControlKey focused=txtRemoteIP
10:44:16.353 [KeyDown] keyCode=V focused=txtRemoteIP
10:44:16.426 [KeyUp] keyCode=ControlKey
10:44:16.473 [KeyUp] keyCode=V
10:44:18.410 [KeyDown] keyCode=D1 focused=txtRemotePort
10:44:18.522 [KeyUp] keyCode=D1
10:44:18.684 [KeyDown] keyCode=D2 focused=txtRemotePort
10:44:18.804 [KeyUp] keyCode=D2
10:44:18.971 [KeyDown] keyCode=D3 focused=txtRemotePort
10:44:19.083 [KeyUp] keyCode=D3
10:44:19.232 [KeyDown] keyCode=D4 focused=txtRemotePort
10:44:19.362 [KeyUp] keyCode=D4
10:44:19.497 [KeyDown] keyCode=D5 focused=txtRemotePort
10:44:19.585 [KeyUp] keyCode=D5
10:44:21.401 [KeyDown] keyCode=D1 focused=txtLocalPort
10:44:21.539 [KeyUp] keyCode=D1
10:44:21.682 [KeyDown] keyCode=D2 focused=txtLocalPort
10:44:21.807 [KeyUp] keyCode=D2
10:44:22.200 [KeyDown] keyCode=D3 focused=txtLocalPort
10:44:22.309 [KeyUp] keyCode=D3
10:44:22.451 [KeyDown] keyCode=D4 focused=txtLocalPort
10:44:22.561 [KeyUp] keyCode=D4
10:44:22.717 [KeyDown] keyCode=D5 focused=txtLocalPort
10:44:22.824 [KeyUp] keyCode=D5
10:44:28.739 [KeyDown] keyCode=W focused=btnStart
10:44:28.787 [Send] W=1 A=0 S=0 D=0 HWA=1.00 accel=0.25 decel=0.00 | emerg=0 mode=0
10:44:28.841 [KeyUp] keyCode=W
10:44:28.851 [Send] W=0 A=0 S=0 D=0 HWA=1.00 accel=0.00 decel=0.00 | emerg=0 mode=0
10:44:28.932 [KeyDown] keyCode=W focused=btnStart
10:44:28.976 [Send] W=1 A=0 S=0 D=0 HWA=1.00 accel=0.25 decel=0.00 | emerg=0 mode=0
10:44:29.071 [KeyUp] keyCode=W
10:44:29.099 [Send] W=0 A=0 S=0 D=0 HWA=1.00 accel=0.00 decel=0.00 | emerg=0 mode=0
10:44:35.919 [KeyDown] keyCode=W focused=txtFeedbackHex
10:44:35.920 [Send] W=1 A=0 S=0 D=0 HWA=1.00 accel=0.25 decel=0.00 | emerg=0 mode=0
10:44:36.020 [KeyUp] keyCode=W
10:44:36.058 [Send] W=0 A=0 S=0 D=0 HWA=1.00 accel=0.00 decel=0.00 | emerg=0 mode=0
10:44:36.105 [KeyDown] keyCode=W focused=txtFeedbackHex
10:44:36.119 [Send] W=1 A=0 S=0 D=0 HWA=1.00 accel=0.25 decel=0.00 | emerg=0 mode=0
10:44:36.240 [KeyUp] keyCode=W
10:44:36.245 [Send] W=0 A=0 S=0 D=0 HWA=1.00 accel=0.00 decel=0.00 | emerg=0 mode=0
10:44:37.139 [KeyDown] keyCode=A focused=txtFeedbackHex
10:44:37.176 [Send] W=0 A=1 S=0 D=0 HWA=0.25 accel=0.00 decel=0.00 | emerg=0 mode=0
10:44:37.266 [KeyUp] keyCode=A
10:44:37.302 [Send] W=0 A=0 S=0 D=0 HWA=1.00 accel=0.00 decel=0.00 | emerg=0 mode=0
10:44:37.358 [KeyDown] keyCode=A focused=txtFeedbackHex
10:44:37.365 [Send] W=0 A=1 S=0 D=0 HWA=0.25 accel=0.00 decel=0.00 | emerg=0 mode=0
10:44:37.491 [KeyUp] keyCode=A
10:44:37.551 [Send] W=0 A=0 S=0 D=0 HWA=1.00 accel=0.00 decel=0.00 | emerg=0 mode=0
10:44:38.313 [KeyDown] keyCode=D focused=txtFeedbackHex
10:44:38.373 [Send] W=0 A=0 S=0 D=1 HWA=-0.25 accel=0.00 decel=0.00 | emerg=0 mode=0
10:44:38.408 [KeyUp] keyCode=D
10:44:38.435 [Send] W=0 A=0 S=0 D=0 HWA=1.00 accel=0.00 decel=0.00 | emerg=0 mode=0
10:44:38.529 [KeyDown] keyCode=D focused=txtFeedbackHex
10:44:38.561 [Send] W=0 A=0 S=0 D=1 HWA=-0.25 accel=0.00 decel=0.00 | emerg=0 mode=0
10:44:38.655 [KeyUp] keyCode=D
10:44:38.685 [Send] W=0 A=0 S=0 D=0 HWA=1.00 accel=0.00 decel=0.00 | emerg=0 mode=0
10:44:38.928 [KeyDown] keyCode=S focused=txtFeedbackHex
10:44:38.950 [Send] W=0 A=0 S=1 D=0 HWA=1.00 accel=0.00 decel=0.25 | emerg=0 mode=0
10:44:39.047 [KeyUp] keyCode=S
10:44:39.074 [Send] W=0 A=0 S=0 D=0 HWA=1.00 accel=0.00 decel=0.00 | emerg=0 mode=0
10:44:39.137 [KeyDown] keyCode=S focused=txtFeedbackHex
10:44:39.197 [Send] W=0 A=0 S=1 D=0 HWA=1.00 accel=0.00 decel=0.25 | emerg=0 mode=0
10:44:39.241 [KeyUp] keyCode=S
10:44:39.259 [Send] W=0 A=0 S=0 D=0 HWA=1.00 accel=0.00 decel=0.00 | emerg=0 mode=0
10:46:59.565 [KeyDown] keyCode=ControlKey focused=txtRouteIP
10:46:59.805 [KeyDown] keyCode=V focused=txtRouteIP
10:46:59.927 [KeyUp] keyCode=ControlKey
10:46:59.964 [KeyUp] keyCode=V
10:47:02.614 [KeyDown] keyCode=ControlKey focused=txtRemoteIP
10:47:02.915 [KeyDown] keyCode=V focused=txtRemoteIP
10:47:03.000 [KeyUp] keyCode=ControlKey
10:47:03.076 [KeyUp] keyCode=V
10:47:05.264 [KeyDown] keyCode=D1 focused=txtRoutePort
10:47:05.404 [KeyUp] keyCode=D1
10:47:05.568 [KeyDown] keyCode=D2 focused=txtRoutePort
10:47:05.711 [KeyUp] keyCode=D2
10:47:05.848 [KeyDown] keyCode=D3 focused=txtRoutePort
10:47:05.958 [KeyUp] keyCode=D3
10:47:06.143 [KeyDown] keyCode=D4 focused=txtRoutePort
10:47:06.240 [KeyUp] keyCode=D4
10:47:06.393 [KeyDown] keyCode=D5 focused=txtRoutePort
10:47:06.476 [KeyUp] keyCode=D5
10:47:08.860 [KeyDown] keyCode=ControlKey focused=txtRoutePort
10:47:09.301 [KeyDown] keyCode=C focused=txtRoutePort
10:47:09.396 [KeyUp] keyCode=ControlKey
10:47:09.453 [KeyUp] keyCode=C
10:47:11.129 [KeyDown] keyCode=ControlKey focused=txtRemotePort
10:47:11.685 [KeyDown] keyCode=V focused=txtRemotePort
10:47:11.782 [KeyUp] keyCode=ControlKey
10:47:11.823 [KeyUp] keyCode=V
10:47:13.207 [KeyDown] keyCode=ControlKey focused=txtLocalPort
10:47:13.458 [KeyDown] keyCode=V focused=txtLocalPort
10:47:13.557 [KeyUp] keyCode=ControlKey
10:47:13.580 [KeyUp] keyCode=V
10:47:17.724 [Send] W=0 A=0 S=0 D=0 HWA=1.00 accel=0.00 decel=0.00 | emerg=0 mode=0
10:47:44.458 [KeyDown] keyCode=W focused=txtFeedbackHex
10:47:44.521 [Send] W=1 A=0 S=0 D=0 HWA=1.00 accel=0.25 decel=0.00 | emerg=0 mode=0
10:47:44.957 [KeyDown] keyCode=W focused=txtFeedbackHex
10:47:44.989 [KeyDown] keyCode=W focused=txtFeedbackHex
10:47:45.017 [KeyDown] keyCode=W focused=txtFeedbackHex
10:47:45.049 [KeyDown] keyCode=W focused=txtFeedbackHex
10:47:45.079 [KeyDown] keyCode=W focused=txtFeedbackHex
10:47:45.112 [KeyDown] keyCode=W focused=txtFeedbackHex
10:47:45.139 [KeyDown] keyCode=W focused=txtFeedbackHex
10:47:45.169 [KeyDown] keyCode=W focused=txtFeedbackHex
10:47:45.200 [KeyDown] keyCode=W focused=txtFeedbackHex
10:47:45.227 [KeyDown] keyCode=W focused=txtFeedbackHex
10:47:45.257 [KeyDown] keyCode=W focused=txtFeedbackHex
10:47:45.287 [KeyDown] keyCode=W focused=txtFeedbackHex
10:47:45.317 [KeyDown] keyCode=W focused=txtFeedbackHex
10:47:45.347 [KeyDown] keyCode=W focused=txtFeedbackHex
10:47:45.377 [KeyDown] keyCode=W focused=txtFeedbackHex
10:47:45.407 [KeyDown] keyCode=W focused=txtFeedbackHex
10:47:45.438 [KeyDown] keyCode=W focused=txtFeedbackHex
10:47:45.468 [KeyDown] keyCode=W focused=txtFeedbackHex
10:47:45.496 [KeyDown] keyCode=W focused=txtFeedbackHex
10:47:45.528 [KeyDown] keyCode=W focused=txtFeedbackHex
10:47:45.557 [KeyDown] keyCode=W focused=txtFeedbackHex
10:47:45.587 [KeyDown] keyCode=W focused=txtFeedbackHex
10:47:45.619 [KeyDown] keyCode=W focused=txtFeedbackHex
10:47:45.655 [KeyDown] keyCode=W focused=txtFeedbackHex
10:47:45.677 [KeyDown] keyCode=W focused=txtFeedbackHex
10:47:45.708 [KeyDown] keyCode=W focused=txtFeedbackHex
10:47:45.738 [KeyDown] keyCode=W focused=txtFeedbackHex
10:47:45.767 [KeyDown] keyCode=W focused=txtFeedbackHex
10:47:45.797 [KeyDown] keyCode=W focused=txtFeedbackHex
10:47:45.803 [KeyUp] keyCode=W
10:47:45.854 [Send] W=0 A=0 S=0 D=0 HWA=1.00 accel=0.00 decel=0.00 | emerg=0 mode=0
10:47:46.954 [KeyDown] keyCode=E focused=txtFeedbackHex
10:47:47.397 [KeyUp] keyCode=E
10:47:47.687 [KeyDown] keyCode=W focused=txtFeedbackHex
10:47:47.716 [Send] W=1 A=0 S=0 D=0 HWA=1.00 accel=0.25 decel=0.00 | emerg=0 mode=0
10:47:48.188 [KeyDown] keyCode=W focused=txtFeedbackHex
10:47:48.217 [KeyDown] keyCode=W focused=txtFeedbackHex
10:47:48.248 [KeyDown] keyCode=W focused=txtFeedbackHex
10:47:48.276 [KeyDown] keyCode=W focused=txtFeedbackHex
10:47:48.308 [KeyDown] keyCode=W focused=txtFeedbackHex
10:47:48.337 [KeyDown] keyCode=W focused=txtFeedbackHex
10:47:48.367 [KeyDown] keyCode=W focused=txtFeedbackHex
10:47:48.397 [KeyDown] keyCode=W focused=txtFeedbackHex
10:47:48.427 [KeyDown] keyCode=W focused=txtFeedbackHex
10:47:48.458 [KeyDown] keyCode=W focused=txtFeedbackHex
10:47:48.489 [KeyDown] keyCode=W focused=txtFeedbackHex
10:47:48.517 [KeyDown] keyCode=W focused=txtFeedbackHex
10:47:48.546 [KeyDown] keyCode=W focused=txtFeedbackHex
10:47:48.577 [KeyDown] keyCode=W focused=txtFeedbackHex
10:47:48.607 [KeyDown] keyCode=W focused=txtFeedbackHex
10:47:48.637 [KeyDown] keyCode=W focused=txtFeedbackHex
10:47:48.657 [KeyUp] keyCode=W
10:47:48.665 [Send] W=0 A=0 S=0 D=0 HWA=1.00 accel=0.00 decel=0.00 | emerg=0 mode=0
10:47:49.125 [KeyDown] keyCode=S focused=txtFeedbackHex
10:47:49.162 [Send] W=0 A=0 S=1 D=0 HWA=1.00 accel=0.00 decel=0.25 | emerg=0 mode=0
10:47:49.626 [KeyDown] keyCode=S focused=txtFeedbackHex
10:47:49.652 [KeyDown] keyCode=S focused=txtFeedbackHex
10:47:49.702 [KeyDown] keyCode=S focused=txtFeedbackHex
10:47:49.713 [KeyDown] keyCode=S focused=txtFeedbackHex
10:47:49.741 [KeyDown] keyCode=S focused=txtFeedbackHex
10:47:49.772 [KeyDown] keyCode=S focused=txtFeedbackHex
10:47:49.803 [KeyDown] keyCode=S focused=txtFeedbackHex
10:47:49.832 [KeyDown] keyCode=S focused=txtFeedbackHex
10:47:49.864 [KeyDown] keyCode=S focused=txtFeedbackHex
10:47:49.892 [KeyDown] keyCode=S focused=txtFeedbackHex
10:47:49.921 [KeyDown] keyCode=S focused=txtFeedbackHex
10:47:49.957 [KeyDown] keyCode=S focused=txtFeedbackHex
10:47:49.969 [KeyUp] keyCode=S
10:47:49.980 [Send] W=0 A=0 S=0 D=0 HWA=1.00 accel=0.00 decel=0.00 | emerg=0 mode=0
10:47:52.899 [KeyDown] keyCode=A focused=txtFeedbackHex
10:47:52.909 [Send] W=0 A=1 S=0 D=0 HWA=0.25 accel=0.00 decel=0.00 | emerg=0 mode=0
10:47:53.397 [KeyDown] keyCode=A focused=txtFeedbackHex
10:47:53.427 [KeyDown] keyCode=A focused=txtFeedbackHex
10:47:53.457 [KeyDown] keyCode=A focused=txtFeedbackHex
10:47:53.488 [KeyDown] keyCode=A focused=txtFeedbackHex
10:47:53.517 [KeyDown] keyCode=A focused=txtFeedbackHex
10:47:53.547 [KeyDown] keyCode=A focused=txtFeedbackHex
10:47:53.558 [KeyUp] keyCode=A
10:47:53.592 [Send] W=0 A=0 S=0 D=0 HWA=1.00 accel=0.00 decel=0.00 | emerg=0 mode=0
10:47:54.142 [KeyDown] keyCode=D focused=txtFeedbackHex
10:47:54.156 [Send] W=0 A=0 S=0 D=1 HWA=-0.25 accel=0.00 decel=0.00 | emerg=0 mode=0
10:47:54.641 [KeyDown] keyCode=D focused=txtFeedbackHex
10:47:54.675 [KeyDown] keyCode=D focused=txtFeedbackHex
10:47:54.702 [KeyDown] keyCode=D focused=txtFeedbackHex
10:47:54.740 [KeyDown] keyCode=D focused=txtFeedbackHex
10:47:54.760 [KeyDown] keyCode=D focused=txtFeedbackHex
10:47:54.791 [KeyDown] keyCode=D focused=txtFeedbackHex
10:47:54.821 [KeyDown] keyCode=D focused=txtFeedbackHex
10:47:54.849 [KeyDown] keyCode=D focused=txtFeedbackHex
10:47:54.880 [KeyDown] keyCode=D focused=txtFeedbackHex
10:47:54.911 [KeyDown] keyCode=D focused=txtFeedbackHex
10:47:54.936 [KeyUp] keyCode=D
10:47:54.972 [Send] W=0 A=0 S=0 D=0 HWA=1.00 accel=0.00 decel=0.00 | emerg=0 mode=0
10:47:55.603 [KeyDown] keyCode=W focused=txtFeedbackHex
10:47:55.612 [Send] W=1 A=0 S=0 D=0 HWA=1.00 accel=0.25 decel=0.00 | emerg=0 mode=0
10:47:56.101 [KeyDown] keyCode=W focused=txtFeedbackHex
10:47:56.131 [KeyDown] keyCode=W focused=txtFeedbackHex
10:47:56.162 [KeyDown] keyCode=W focused=txtFeedbackHex
10:47:56.190 [KeyDown] keyCode=W focused=txtFeedbackHex
10:47:56.221 [KeyDown] keyCode=W focused=txtFeedbackHex
10:47:56.246 [KeyUp] keyCode=W
10:47:56.262 [Send] W=0 A=0 S=0 D=0 HWA=1.00 accel=0.00 decel=0.00 | emerg=0 mode=0
10:47:56.823 [KeyDown] keyCode=W focused=txtFeedbackHex
10:47:56.875 [Send] W=1 A=0 S=0 D=0 HWA=1.00 accel=0.25 decel=0.00 | emerg=0 mode=0
10:47:57.328 [KeyDown] keyCode=W focused=txtFeedbackHex
10:47:57.355 [KeyDown] keyCode=W focused=txtFeedbackHex
10:47:57.384 [KeyDown] keyCode=W focused=txtFeedbackHex
10:47:57.414 [KeyDown] keyCode=W focused=txtFeedbackHex
10:47:57.422 [KeyUp] keyCode=W
10:47:57.435 [Send] W=0 A=0 S=0 D=0 HWA=1.00 accel=0.00 decel=0.00 | emerg=0 mode=0
10:47:57.845 [KeyDown] keyCode=A focused=txtFeedbackHex
10:47:57.877 [Send] W=0 A=1 S=0 D=0 HWA=0.25 accel=0.00 decel=0.00 | emerg=0 mode=0
10:47:58.348 [KeyDown] keyCode=A focused=txtFeedbackHex
10:47:58.377 [KeyDown] keyCode=A focused=txtFeedbackHex
10:47:58.404 [KeyDown] keyCode=A focused=txtFeedbackHex
10:47:58.434 [KeyDown] keyCode=A focused=txtFeedbackHex
10:47:58.465 [KeyDown] keyCode=A focused=txtFeedbackHex
10:47:58.494 [KeyDown] keyCode=A focused=txtFeedbackHex
10:47:58.525 [KeyDown] keyCode=A focused=txtFeedbackHex
10:47:58.555 [KeyDown] keyCode=A focused=txtFeedbackHex
10:47:58.584 [KeyDown] keyCode=A focused=txtFeedbackHex
10:47:58.614 [KeyDown] keyCode=A focused=txtFeedbackHex
10:47:58.644 [KeyDown] keyCode=A focused=txtFeedbackHex
10:47:58.678 [KeyDown] keyCode=A focused=txtFeedbackHex
10:47:58.706 [KeyDown] keyCode=A focused=txtFeedbackHex
10:47:58.734 [KeyDown] keyCode=A focused=txtFeedbackHex
10:47:58.764 [KeyDown] keyCode=A focused=txtFeedbackHex
10:47:58.796 [KeyDown] keyCode=A focused=txtFeedbackHex
10:47:58.824 [KeyDown] keyCode=A focused=txtFeedbackHex
10:47:58.853 [KeyDown] keyCode=A focused=txtFeedbackHex
10:47:58.864 [KeyUp] keyCode=A
10:47:58.895 [Send] W=0 A=0 S=0 D=0 HWA=1.00 accel=0.00 decel=0.00 | emerg=0 mode=0
10:47:59.643 [KeyDown] keyCode=S focused=txtFeedbackHex
10:47:59.704 [Send] W=0 A=0 S=1 D=0 HWA=1.00 accel=0.00 decel=0.25 | emerg=0 mode=0
10:48:00.143 [KeyDown] keyCode=S focused=txtFeedbackHex
10:48:00.174 [KeyDown] keyCode=S focused=txtFeedbackHex
10:48:00.195 [KeyUp] keyCode=S
10:48:00.211 [Send] W=0 A=0 S=0 D=0 HWA=1.00 accel=0.00 decel=0.00 | emerg=0 mode=0
10:48:00.953 [KeyDown] keyCode=D focused=txtFeedbackHex
10:48:00.955 [Send] W=0 A=0 S=0 D=1 HWA=-0.25 accel=0.00 decel=0.00 | emerg=0 mode=0
10:48:01.415 [KeyUp] keyCode=D
10:48:01.459 [Send] W=0 A=0 S=0 D=0 HWA=1.00 accel=0.00 decel=0.00 | emerg=0 mode=0
10:48:01.943 [KeyDown] keyCode=D focused=txtFeedbackHex
10:48:01.960 [Send] W=0 A=0 S=0 D=1 HWA=-0.25 accel=0.00 decel=0.00 | emerg=0 mode=0
10:48:02.350 [KeyUp] keyCode=D
10:48:02.396 [Send] W=0 A=0 S=0 D=0 HWA=1.00 accel=0.00 decel=0.00 | emerg=0 mode=0
10:48:03.213 [KeyDown] keyCode=D focused=txtFeedbackHex
10:48:03.228 [Send] W=0 A=0 S=0 D=1 HWA=-0.25 accel=0.00 decel=0.00 | emerg=0 mode=0
10:48:03.596 [KeyUp] keyCode=D
10:48:03.600 [Send] W=0 A=0 S=0 D=0 HWA=1.00 accel=0.00 decel=0.00 | emerg=0 mode=0
10:48:04.909 [KeyDown] keyCode=S focused=txtFeedbackHex
10:48:04.914 [Send] W=0 A=0 S=1 D=0 HWA=1.00 accel=0.00 decel=0.25 | emerg=0 mode=0
10:48:04.943 [KeyDown] keyCode=D focused=txtFeedbackHex
10:48:04.974 [Send] W=0 A=0 S=1 D=1 HWA=-0.25 accel=0.00 decel=0.25 | emerg=0 mode=0
10:48:05.311 [KeyUp] keyCode=D
10:48:05.333 [KeyUp] keyCode=S
10:48:05.344 [Send] W=0 A=0 S=0 D=0 HWA=1.00 accel=0.00 decel=0.00 | emerg=0 mode=0
10:48:06.047 [KeyDown] keyCode=D focused=txtFeedbackHex
10:48:06.105 [Send] W=0 A=0 S=0 D=1 HWA=-0.25 accel=0.00 decel=0.00 | emerg=0 mode=0
10:48:06.264 [KeyUp] keyCode=D
10:48:06.283 [Send] W=0 A=0 S=0 D=0 HWA=1.00 accel=0.00 decel=0.00 | emerg=0 mode=0
10:48:44.840 [KeyDown] keyCode=ShiftKey focused=txtFeedbackHex
10:48:44.997 [KeyUp] keyCode=ShiftKey
10:48:46.779 [KeyDown] keyCode=W focused=txtFeedbackHex
10:48:46.798 [Send] W=1 A=0 S=0 D=0 HWA=1.00 accel=0.25 decel=0.00 | emerg=0 mode=0
10:48:47.280 [KeyDown] keyCode=W focused=txtFeedbackHex
10:48:47.309 [KeyDown] keyCode=W focused=txtFeedbackHex
10:48:47.339 [KeyDown] keyCode=W focused=txtFeedbackHex
10:48:47.369 [KeyDown] keyCode=W focused=txtFeedbackHex
10:48:47.399 [KeyDown] keyCode=W focused=txtFeedbackHex
10:48:47.429 [KeyDown] keyCode=W focused=txtFeedbackHex
10:48:47.459 [KeyDown] keyCode=W focused=txtFeedbackHex
10:48:47.489 [KeyDown] keyCode=W focused=txtFeedbackHex
10:48:47.518 [KeyDown] keyCode=W focused=txtFeedbackHex
10:48:47.549 [KeyDown] keyCode=W focused=txtFeedbackHex
10:48:47.582 [KeyDown] keyCode=W focused=txtFeedbackHex
10:48:47.610 [KeyDown] keyCode=W focused=txtFeedbackHex
10:48:47.639 [KeyDown] keyCode=W focused=txtFeedbackHex
10:48:47.669 [KeyDown] keyCode=W focused=txtFeedbackHex
10:48:47.699 [KeyDown] keyCode=W focused=txtFeedbackHex
10:48:47.729 [KeyDown] keyCode=W focused=txtFeedbackHex
10:48:47.759 [KeyDown] keyCode=W focused=txtFeedbackHex
10:48:47.790 [KeyDown] keyCode=W focused=txtFeedbackHex
10:48:47.820 [KeyDown] keyCode=W focused=txtFeedbackHex
10:48:47.850 [KeyDown] keyCode=W focused=txtFeedbackHex
10:48:47.879 [KeyDown] keyCode=W focused=txtFeedbackHex
10:48:47.909 [KeyDown] keyCode=W focused=txtFeedbackHex
10:48:47.939 [KeyDown] keyCode=W focused=txtFeedbackHex
10:48:47.972 [KeyDown] keyCode=W focused=txtFeedbackHex
10:48:47.999 [KeyDown] keyCode=W focused=txtFeedbackHex
10:48:48.029 [KeyDown] keyCode=W focused=txtFeedbackHex
10:48:48.060 [KeyDown] keyCode=W focused=txtFeedbackHex
10:48:48.089 [KeyDown] keyCode=W focused=txtFeedbackHex
10:48:48.119 [KeyDown] keyCode=W focused=txtFeedbackHex
10:48:48.149 [KeyDown] keyCode=W focused=txtFeedbackHex
10:48:48.179 [KeyDown] keyCode=W focused=txtFeedbackHex
10:48:48.209 [KeyDown] keyCode=W focused=txtFeedbackHex
10:48:48.239 [KeyDown] keyCode=W focused=txtFeedbackHex
10:48:48.269 [KeyDown] keyCode=W focused=txtFeedbackHex
10:48:48.298 [KeyDown] keyCode=W focused=txtFeedbackHex
10:48:48.329 [KeyDown] keyCode=W focused=txtFeedbackHex
10:48:48.359 [KeyDown] keyCode=W focused=txtFeedbackHex
10:48:48.389 [KeyDown] keyCode=W focused=txtFeedbackHex
10:48:48.420 [KeyDown] keyCode=W focused=txtFeedbackHex
10:48:48.449 [KeyDown] keyCode=W focused=txtFeedbackHex
10:48:48.480 [KeyDown] keyCode=W focused=txtFeedbackHex
10:48:48.509 [KeyDown] keyCode=W focused=txtFeedbackHex
10:48:48.540 [KeyDown] keyCode=W focused=txtFeedbackHex
10:48:48.543 [KeyUp] keyCode=W
10:48:48.567 [Send] W=0 A=0 S=0 D=0 HWA=1.00 accel=0.00 decel=0.00 | emerg=0 mode=0
10:48:49.328 [KeyDown] keyCode=W focused=txtFeedbackHex
10:48:49.377 [Send] W=1 A=0 S=0 D=0 HWA=1.00 accel=0.25 decel=0.00 | emerg=0 mode=0
10:48:49.829 [KeyDown] keyCode=W focused=txtFeedbackHex
10:48:49.860 [KeyDown] keyCode=W focused=txtFeedbackHex
10:48:49.889 [KeyDown] keyCode=W focused=txtFeedbackHex
10:48:49.918 [KeyDown] keyCode=W focused=txtFeedbackHex
10:48:49.950 [KeyDown] keyCode=W focused=txtFeedbackHex
10:48:49.979 [KeyDown] keyCode=W focused=txtFeedbackHex
10:48:50.008 [KeyDown] keyCode=W focused=txtFeedbackHex
10:48:50.038 [KeyDown] keyCode=W focused=txtFeedbackHex
10:48:50.068 [KeyDown] keyCode=W focused=txtFeedbackHex
10:48:50.098 [KeyDown] keyCode=W focused=txtFeedbackHex
10:48:50.127 [KeyDown] keyCode=W focused=txtFeedbackHex
10:48:50.162 [KeyDown] keyCode=W focused=txtFeedbackHex
10:48:50.189 [KeyDown] keyCode=W focused=txtFeedbackHex
10:48:50.222 [KeyDown] keyCode=W focused=txtFeedbackHex
10:48:50.248 [KeyDown] keyCode=W focused=txtFeedbackHex
10:48:50.278 [KeyDown] keyCode=W focused=txtFeedbackHex
10:48:50.311 [KeyDown] keyCode=W focused=txtFeedbackHex
10:48:50.345 [KeyDown] keyCode=W focused=txtFeedbackHex
10:48:50.367 [KeyDown] keyCode=W focused=txtFeedbackHex
10:48:50.401 [KeyDown] keyCode=W focused=txtFeedbackHex
10:48:50.429 [KeyDown] keyCode=W focused=txtFeedbackHex
10:48:50.458 [KeyDown] keyCode=W focused=txtFeedbackHex
10:48:50.487 [KeyDown] keyCode=W focused=txtFeedbackHex
10:48:50.517 [KeyDown] keyCode=W focused=txtFeedbackHex
10:48:50.549 [KeyDown] keyCode=W focused=txtFeedbackHex
10:48:50.578 [KeyDown] keyCode=W focused=txtFeedbackHex
10:48:50.608 [KeyDown] keyCode=W focused=txtFeedbackHex
10:48:50.637 [KeyDown] keyCode=W focused=txtFeedbackHex
10:48:50.667 [KeyDown] keyCode=W focused=txtFeedbackHex
10:48:50.697 [KeyDown] keyCode=W focused=txtFeedbackHex
10:48:50.727 [KeyDown] keyCode=W focused=txtFeedbackHex
10:48:50.758 [KeyDown] keyCode=W focused=txtFeedbackHex
10:48:50.788 [KeyDown] keyCode=W focused=txtFeedbackHex
10:48:50.819 [KeyDown] keyCode=W focused=txtFeedbackHex
10:48:50.848 [KeyDown] keyCode=W focused=txtFeedbackHex
10:48:50.879 [KeyDown] keyCode=W focused=txtFeedbackHex
10:48:50.909 [KeyDown] keyCode=W focused=txtFeedbackHex
10:48:50.938 [KeyDown] keyCode=W focused=txtFeedbackHex
10:48:50.967 [KeyDown] keyCode=W focused=txtFeedbackHex
10:48:50.998 [KeyDown] keyCode=W focused=txtFeedbackHex
10:48:51.027 [KeyDown] keyCode=W focused=txtFeedbackHex
10:48:51.057 [KeyDown] keyCode=W focused=txtFeedbackHex
10:48:51.087 [KeyDown] keyCode=W focused=txtFeedbackHex
10:48:51.117 [KeyDown] keyCode=W focused=txtFeedbackHex
10:48:51.154 [KeyDown] keyCode=W focused=txtFeedbackHex
10:48:51.178 [KeyDown] keyCode=W focused=txtFeedbackHex
10:48:51.208 [KeyDown] keyCode=W focused=txtFeedbackHex
10:48:51.237 [KeyDown] keyCode=W focused=txtFeedbackHex
10:48:51.267 [KeyDown] keyCode=W focused=txtFeedbackHex
10:48:51.297 [KeyDown] keyCode=W focused=txtFeedbackHex
10:48:51.327 [KeyDown] keyCode=W focused=txtFeedbackHex
10:48:51.359 [KeyDown] keyCode=W focused=txtFeedbackHex
10:48:51.389 [KeyDown] keyCode=W focused=txtFeedbackHex
10:48:51.417 [KeyDown] keyCode=W focused=txtFeedbackHex
10:48:51.449 [KeyDown] keyCode=W focused=txtFeedbackHex
10:48:51.479 [KeyDown] keyCode=W focused=txtFeedbackHex
10:48:51.510 [KeyDown] keyCode=W focused=txtFeedbackHex
10:48:51.538 [KeyDown] keyCode=W focused=txtFeedbackHex
10:48:51.568 [KeyDown] keyCode=W focused=txtFeedbackHex
10:48:51.601 [KeyDown] keyCode=W focused=txtFeedbackHex
10:48:51.630 [KeyDown] keyCode=W focused=txtFeedbackHex
10:48:51.660 [KeyDown] keyCode=W focused=txtFeedbackHex
10:48:51.689 [KeyDown] keyCode=W focused=txtFeedbackHex
10:48:51.719 [KeyDown] keyCode=W focused=txtFeedbackHex
10:48:51.750 [KeyDown] keyCode=W focused=txtFeedbackHex
10:48:51.778 [KeyDown] keyCode=W focused=txtFeedbackHex
10:48:51.807 [KeyDown] keyCode=W focused=txtFeedbackHex
10:48:51.837 [KeyDown] keyCode=W focused=txtFeedbackHex
10:48:51.867 [KeyDown] keyCode=W focused=txtFeedbackHex
10:48:51.898 [KeyDown] keyCode=W focused=txtFeedbackHex
10:48:51.927 [KeyDown] keyCode=W focused=txtFeedbackHex
10:48:51.958 [KeyDown] keyCode=W focused=txtFeedbackHex
10:48:51.988 [KeyDown] keyCode=W focused=txtFeedbackHex
10:48:52.019 [KeyDown] keyCode=W focused=txtFeedbackHex
10:48:52.048 [KeyDown] keyCode=W focused=txtFeedbackHex
10:48:52.079 [KeyDown] keyCode=W focused=txtFeedbackHex
10:48:52.111 [KeyDown] keyCode=W focused=txtFeedbackHex
10:48:52.139 [KeyDown] keyCode=W focused=txtFeedbackHex
10:48:52.173 [KeyDown] keyCode=W focused=txtFeedbackHex
10:48:52.199 [KeyDown] keyCode=W focused=txtFeedbackHex
10:48:52.231 [KeyDown] keyCode=W focused=txtFeedbackHex
10:48:52.259 [KeyDown] keyCode=W focused=txtFeedbackHex
10:48:52.287 [KeyDown] keyCode=W focused=txtFeedbackHex
10:48:52.318 [KeyDown] keyCode=W focused=txtFeedbackHex
10:48:52.349 [KeyDown] keyCode=W focused=txtFeedbackHex
10:48:52.378 [KeyDown] keyCode=W focused=txtFeedbackHex
10:48:52.407 [KeyDown] keyCode=W focused=txtFeedbackHex
10:48:52.437 [KeyDown] keyCode=W focused=txtFeedbackHex
10:48:52.467 [KeyDown] keyCode=W focused=txtFeedbackHex
10:48:52.498 [KeyDown] keyCode=W focused=txtFeedbackHex
10:48:52.528 [KeyDown] keyCode=W focused=txtFeedbackHex
10:48:52.557 [KeyDown] keyCode=W focused=txtFeedbackHex
10:48:52.587 [KeyDown] keyCode=W focused=txtFeedbackHex
10:48:52.617 [KeyDown] keyCode=W focused=txtFeedbackHex
10:48:52.649 [KeyDown] keyCode=W focused=txtFeedbackHex
10:48:52.682 [KeyDown] keyCode=W focused=txtFeedbackHex
10:48:52.709 [KeyDown] keyCode=W focused=txtFeedbackHex
10:48:52.740 [KeyDown] keyCode=W focused=txtFeedbackHex
10:48:52.769 [KeyDown] keyCode=W focused=txtFeedbackHex
10:48:52.799 [KeyDown] keyCode=W focused=txtFeedbackHex
10:48:52.830 [KeyDown] keyCode=W focused=txtFeedbackHex
10:48:52.858 [KeyDown] keyCode=W focused=txtFeedbackHex
10:48:52.890 [KeyDown] keyCode=W focused=txtFeedbackHex
10:48:52.918 [KeyDown] keyCode=W focused=txtFeedbackHex
10:48:52.947 [KeyDown] keyCode=W focused=txtFeedbackHex
10:48:52.978 [KeyDown] keyCode=W focused=txtFeedbackHex
10:48:53.007 [KeyDown] keyCode=W focused=txtFeedbackHex
10:48:53.037 [KeyDown] keyCode=W focused=txtFeedbackHex
10:48:53.068 [KeyDown] keyCode=W focused=txtFeedbackHex
10:48:53.097 [KeyDown] keyCode=W focused=txtFeedbackHex
10:48:53.127 [KeyDown] keyCode=W focused=txtFeedbackHex
10:48:53.177 [KeyDown] keyCode=W focused=txtFeedbackHex
10:48:53.186 [KeyDown] keyCode=W focused=txtFeedbackHex
10:48:53.219 [KeyDown] keyCode=W focused=txtFeedbackHex
10:48:53.248 [KeyDown] keyCode=W focused=txtFeedbackHex
10:48:53.279 [KeyDown] keyCode=W focused=txtFeedbackHex
10:48:53.309 [KeyDown] keyCode=W focused=txtFeedbackHex
10:48:53.340 [KeyDown] keyCode=W focused=txtFeedbackHex
10:48:53.368 [KeyDown] keyCode=W focused=txtFeedbackHex
10:48:53.398 [KeyDown] keyCode=W focused=txtFeedbackHex
10:48:53.427 [KeyDown] keyCode=W focused=txtFeedbackHex
10:48:53.458 [KeyDown] keyCode=W focused=txtFeedbackHex
10:48:53.488 [KeyDown] keyCode=W focused=txtFeedbackHex
10:48:53.517 [KeyDown] keyCode=W focused=txtFeedbackHex
10:48:53.548 [KeyDown] keyCode=W focused=txtFeedbackHex
10:48:53.577 [KeyDown] keyCode=W focused=txtFeedbackHex
10:48:53.609 [KeyDown] keyCode=W focused=txtFeedbackHex
10:48:53.639 [KeyDown] keyCode=W focused=txtFeedbackHex
10:48:53.669 [KeyDown] keyCode=W focused=txtFeedbackHex
10:48:53.698 [KeyDown] keyCode=W focused=txtFeedbackHex
10:48:53.727 [KeyDown] keyCode=W focused=txtFeedbackHex
10:48:53.759 [KeyDown] keyCode=W focused=txtFeedbackHex
10:48:53.789 [KeyDown] keyCode=W focused=txtFeedbackHex
10:48:53.819 [KeyDown] keyCode=W focused=txtFeedbackHex
10:48:53.848 [KeyDown] keyCode=W focused=txtFeedbackHex
10:48:53.880 [KeyDown] keyCode=W focused=txtFeedbackHex
10:48:53.909 [KeyDown] keyCode=W focused=txtFeedbackHex
10:48:53.942 [KeyDown] keyCode=W focused=txtFeedbackHex
10:48:53.967 [KeyDown] keyCode=W focused=txtFeedbackHex
10:48:53.998 [KeyDown] keyCode=W focused=txtFeedbackHex
10:48:54.027 [KeyDown] keyCode=W focused=txtFeedbackHex
10:48:54.057 [KeyDown] keyCode=W focused=txtFeedbackHex
10:48:54.087 [KeyDown] keyCode=W focused=txtFeedbackHex
10:48:54.115 [KeyDown] keyCode=W focused=txtFeedbackHex
10:48:54.146 [KeyDown] keyCode=W focused=txtFeedbackHex
10:48:54.192 [KeyDown] keyCode=W focused=txtFeedbackHex
10:48:54.207 [KeyDown] keyCode=W focused=txtFeedbackHex
10:48:54.235 [KeyDown] keyCode=W focused=txtFeedbackHex
10:48:54.266 [KeyDown] keyCode=W focused=txtFeedbackHex
10:48:54.296 [KeyDown] keyCode=W focused=txtFeedbackHex
10:48:54.326 [KeyDown] keyCode=W focused=txtFeedbackHex
10:48:54.357 [KeyDown] keyCode=W focused=txtFeedbackHex
10:48:54.386 [KeyDown] keyCode=W focused=txtFeedbackHex
10:48:54.417 [KeyDown] keyCode=W focused=txtFeedbackHex
10:48:54.448 [KeyDown] keyCode=W focused=txtFeedbackHex
10:48:54.479 [KeyDown] keyCode=W focused=txtFeedbackHex
10:48:54.507 [KeyDown] keyCode=W focused=txtFeedbackHex
10:48:54.537 [KeyDown] keyCode=W focused=txtFeedbackHex
10:48:54.569 [KeyDown] keyCode=W focused=txtFeedbackHex
10:48:54.600 [KeyDown] keyCode=W focused=txtFeedbackHex
10:48:54.626 [KeyDown] keyCode=W focused=txtFeedbackHex
10:48:54.656 [KeyDown] keyCode=W focused=txtFeedbackHex
10:48:54.686 [KeyDown] keyCode=W focused=txtFeedbackHex
10:48:54.717 [KeyDown] keyCode=W focused=txtFeedbackHex
10:48:54.746 [KeyDown] keyCode=W focused=txtFeedbackHex
10:48:54.777 [KeyDown] keyCode=W focused=txtFeedbackHex
10:48:54.807 [KeyDown] keyCode=W focused=txtFeedbackHex
10:48:54.838 [KeyDown] keyCode=W focused=txtFeedbackHex
10:48:54.867 [KeyDown] keyCode=W focused=txtFeedbackHex
10:48:54.898 [KeyDown] keyCode=W focused=txtFeedbackHex
10:48:54.926 [KeyDown] keyCode=W focused=txtFeedbackHex
10:48:54.958 [KeyDown] keyCode=W focused=txtFeedbackHex
10:48:54.990 [KeyDown] keyCode=W focused=txtFeedbackHex
10:48:55.016 [KeyDown] keyCode=W focused=txtFeedbackHex
10:48:55.048 [KeyDown] keyCode=W focused=txtFeedbackHex
10:48:55.077 [KeyDown] keyCode=W focused=txtFeedbackHex
10:48:55.109 [KeyDown] keyCode=W focused=txtFeedbackHex
10:48:55.137 [KeyDown] keyCode=W focused=txtFeedbackHex
10:48:55.167 [KeyDown] keyCode=W focused=txtFeedbackHex
10:48:55.197 [KeyDown] keyCode=W focused=txtFeedbackHex
10:48:55.229 [KeyDown] keyCode=W focused=txtFeedbackHex
10:48:55.257 [KeyDown] keyCode=W focused=txtFeedbackHex
10:48:55.286 [KeyDown] keyCode=W focused=txtFeedbackHex
10:48:55.317 [KeyDown] keyCode=W focused=txtFeedbackHex
10:48:55.345 [KeyDown] keyCode=W focused=txtFeedbackHex
10:48:55.377 [KeyDown] keyCode=W focused=txtFeedbackHex
10:48:55.405 [KeyDown] keyCode=W focused=txtFeedbackHex
10:48:55.437 [KeyDown] keyCode=W focused=txtFeedbackHex
10:48:55.467 [KeyDown] keyCode=W focused=txtFeedbackHex
10:48:55.496 [KeyDown] keyCode=W focused=txtFeedbackHex
10:48:55.527 [KeyDown] keyCode=W focused=txtFeedbackHex
10:48:55.559 [KeyDown] keyCode=W focused=txtFeedbackHex
10:48:55.586 [KeyDown] keyCode=W focused=txtFeedbackHex
10:48:55.616 [KeyDown] keyCode=W focused=txtFeedbackHex
10:48:55.646 [KeyDown] keyCode=W focused=txtFeedbackHex
10:48:55.678 [KeyDown] keyCode=W focused=txtFeedbackHex
10:48:55.707 [KeyDown] keyCode=W focused=txtFeedbackHex
10:48:55.737 [KeyDown] keyCode=W focused=txtFeedbackHex
10:48:55.766 [KeyDown] keyCode=W focused=txtFeedbackHex
10:48:55.799 [KeyDown] keyCode=W focused=txtFeedbackHex
10:48:55.827 [KeyDown] keyCode=W focused=txtFeedbackHex
10:48:55.857 [KeyDown] keyCode=W focused=txtFeedbackHex
10:48:55.890 [KeyDown] keyCode=W focused=txtFeedbackHex
10:48:55.917 [KeyDown] keyCode=W focused=txtFeedbackHex
10:48:55.947 [KeyDown] keyCode=W focused=txtFeedbackHex
10:48:55.977 [KeyDown] keyCode=W focused=txtFeedbackHex
10:48:56.008 [KeyDown] keyCode=W focused=txtFeedbackHex
10:48:56.036 [KeyDown] keyCode=W focused=txtFeedbackHex
10:48:56.067 [KeyDown] keyCode=W focused=txtFeedbackHex
10:48:56.096 [KeyDown] keyCode=W focused=txtFeedbackHex
10:48:56.127 [KeyDown] keyCode=W focused=txtFeedbackHex
10:48:56.157 [KeyDown] keyCode=W focused=txtFeedbackHex
10:48:56.186 [KeyDown] keyCode=W focused=txtFeedbackHex
10:48:56.216 [KeyDown] keyCode=W focused=txtFeedbackHex
10:48:56.246 [KeyDown] keyCode=W focused=txtFeedbackHex
10:48:56.277 [KeyDown] keyCode=W focused=txtFeedbackHex
10:48:56.306 [KeyDown] keyCode=W focused=txtFeedbackHex
10:48:56.336 [KeyDown] keyCode=W focused=txtFeedbackHex
10:48:56.365 [KeyDown] keyCode=W focused=txtFeedbackHex
10:48:56.396 [KeyDown] keyCode=W focused=txtFeedbackHex
10:48:56.426 [KeyDown] keyCode=W focused=txtFeedbackHex
10:48:56.456 [KeyDown] keyCode=W focused=txtFeedbackHex
10:48:56.486 [KeyDown] keyCode=W focused=txtFeedbackHex
10:48:56.515 [KeyDown] keyCode=W focused=txtFeedbackHex
10:48:56.546 [KeyDown] keyCode=W focused=txtFeedbackHex
10:48:56.574 [KeyDown] keyCode=W focused=txtFeedbackHex
10:48:56.606 [KeyDown] keyCode=W focused=txtFeedbackHex
10:48:56.638 [KeyDown] keyCode=W focused=txtFeedbackHex
10:48:56.666 [KeyDown] keyCode=W focused=txtFeedbackHex
10:48:56.696 [KeyDown] keyCode=W focused=txtFeedbackHex
10:48:56.726 [KeyDown] keyCode=W focused=txtFeedbackHex
10:48:56.759 [KeyDown] keyCode=W focused=txtFeedbackHex
10:48:56.787 [KeyDown] keyCode=W focused=txtFeedbackHex
10:48:56.818 [KeyDown] keyCode=W focused=txtFeedbackHex
10:48:56.846 [KeyDown] keyCode=W focused=txtFeedbackHex
10:48:56.879 [KeyDown] keyCode=W focused=txtFeedbackHex
10:48:56.906 [KeyDown] keyCode=W focused=txtFeedbackHex
10:48:56.936 [KeyDown] keyCode=W focused=txtFeedbackHex
10:48:56.967 [KeyDown] keyCode=W focused=txtFeedbackHex
10:48:56.996 [KeyDown] keyCode=W focused=txtFeedbackHex
10:48:57.026 [KeyDown] keyCode=W focused=txtFeedbackHex
10:48:57.057 [KeyDown] keyCode=W focused=txtFeedbackHex
10:48:57.087 [KeyDown] keyCode=W focused=txtFeedbackHex
10:48:57.117 [KeyDown] keyCode=W focused=txtFeedbackHex
10:48:57.146 [KeyDown] keyCode=W focused=txtFeedbackHex
10:48:57.176 [KeyDown] keyCode=W focused=txtFeedbackHex
10:48:57.223 [KeyDown] keyCode=W focused=txtFeedbackHex
10:48:57.238 [KeyDown] keyCode=W focused=txtFeedbackHex
10:48:57.266 [KeyDown] keyCode=W focused=txtFeedbackHex
10:48:57.296 [KeyDown] keyCode=W focused=txtFeedbackHex
10:48:57.328 [KeyDown] keyCode=W focused=txtFeedbackHex
10:48:57.360 [KeyDown] keyCode=W focused=txtFeedbackHex
10:48:57.388 [KeyDown] keyCode=W focused=txtFeedbackHex
10:48:57.417 [KeyDown] keyCode=W focused=txtFeedbackHex
10:48:57.447 [KeyDown] keyCode=W focused=txtFeedbackHex
10:48:57.479 [KeyDown] keyCode=W focused=txtFeedbackHex
10:48:57.510 [KeyDown] keyCode=W focused=txtFeedbackHex
10:48:57.537 [KeyDown] keyCode=W focused=txtFeedbackHex
10:48:57.567 [KeyDown] keyCode=W focused=txtFeedbackHex
10:48:57.601 [KeyDown] keyCode=W focused=txtFeedbackHex
10:48:57.626 [KeyDown] keyCode=W focused=txtFeedbackHex
10:48:57.659 [KeyDown] keyCode=W focused=txtFeedbackHex
10:48:57.688 [KeyDown] keyCode=W focused=txtFeedbackHex
10:48:57.716 [KeyDown] keyCode=W focused=txtFeedbackHex
10:48:57.746 [KeyDown] keyCode=W focused=txtFeedbackHex
10:48:57.776 [KeyDown] keyCode=W focused=txtFeedbackHex
10:48:57.807 [KeyDown] keyCode=W focused=txtFeedbackHex
10:48:57.837 [KeyDown] keyCode=W focused=txtFeedbackHex
10:48:57.867 [KeyDown] keyCode=W focused=txtFeedbackHex
10:48:57.899 [KeyDown] keyCode=W focused=txtFeedbackHex
10:48:57.928 [KeyDown] keyCode=W focused=txtFeedbackHex
10:48:57.957 [KeyDown] keyCode=W focused=txtFeedbackHex
10:48:57.988 [KeyDown] keyCode=W focused=txtFeedbackHex
10:48:58.015 [KeyDown] keyCode=W focused=txtFeedbackHex
10:48:58.047 [KeyDown] keyCode=W focused=txtFeedbackHex
10:48:58.078 [KeyDown] keyCode=W focused=txtFeedbackHex
10:48:58.109 [KeyDown] keyCode=W focused=txtFeedbackHex
10:48:58.138 [KeyDown] keyCode=W focused=txtFeedbackHex
10:48:58.167 [KeyDown] keyCode=W focused=txtFeedbackHex
10:48:58.197 [KeyDown] keyCode=W focused=txtFeedbackHex
10:48:58.231 [KeyDown] keyCode=W focused=txtFeedbackHex
10:48:58.256 [KeyDown] keyCode=W focused=txtFeedbackHex
10:48:58.286 [KeyDown] keyCode=W focused=txtFeedbackHex
10:48:58.319 [KeyDown] keyCode=W focused=txtFeedbackHex
10:48:58.347 [KeyDown] keyCode=W focused=txtFeedbackHex
10:48:58.377 [KeyDown] keyCode=W focused=txtFeedbackHex
10:48:58.406 [KeyDown] keyCode=W focused=txtFeedbackHex
10:48:58.437 [KeyDown] keyCode=W focused=txtFeedbackHex
10:48:58.467 [KeyDown] keyCode=W focused=txtFeedbackHex
10:48:58.497 [KeyDown] keyCode=W focused=txtFeedbackHex
10:48:58.528 [KeyDown] keyCode=W focused=txtFeedbackHex
10:48:58.559 [KeyDown] keyCode=W focused=txtFeedbackHex
10:48:58.587 [KeyDown] keyCode=W focused=txtFeedbackHex
10:48:58.617 [KeyDown] keyCode=W focused=txtFeedbackHex
10:48:58.646 [KeyDown] keyCode=W focused=txtFeedbackHex
10:48:58.676 [KeyDown] keyCode=W focused=txtFeedbackHex
10:48:58.706 [KeyDown] keyCode=W focused=txtFeedbackHex
10:48:58.736 [KeyDown] keyCode=W focused=txtFeedbackHex
10:48:58.766 [KeyDown] keyCode=W focused=txtFeedbackHex
10:48:58.798 [KeyDown] keyCode=W focused=txtFeedbackHex
10:48:58.826 [KeyDown] keyCode=W focused=txtFeedbackHex
10:48:58.856 [KeyDown] keyCode=W focused=txtFeedbackHex
10:48:58.885 [KeyDown] keyCode=W focused=txtFeedbackHex
10:48:58.919 [KeyDown] keyCode=W focused=txtFeedbackHex
10:48:58.947 [KeyDown] keyCode=W focused=txtFeedbackHex
10:48:58.977 [KeyDown] keyCode=W focused=txtFeedbackHex
10:48:59.008 [KeyDown] keyCode=W focused=txtFeedbackHex
10:48:59.037 [KeyDown] keyCode=W focused=txtFeedbackHex
10:48:59.069 [KeyDown] keyCode=W focused=txtFeedbackHex
10:48:59.096 [KeyDown] keyCode=W focused=txtFeedbackHex
10:48:59.128 [KeyDown] keyCode=W focused=txtFeedbackHex
10:48:59.158 [KeyDown] keyCode=W focused=txtFeedbackHex
10:48:59.187 [KeyDown] keyCode=W focused=txtFeedbackHex
10:48:59.239 [KeyDown] keyCode=W focused=txtFeedbackHex
10:48:59.248 [KeyDown] keyCode=W focused=txtFeedbackHex
10:48:59.276 [KeyDown] keyCode=W focused=txtFeedbackHex
10:48:59.307 [KeyDown] keyCode=W focused=txtFeedbackHex
10:48:59.336 [KeyDown] keyCode=W focused=txtFeedbackHex
10:48:59.366 [KeyDown] keyCode=W focused=txtFeedbackHex
10:48:59.394 [KeyDown] keyCode=W focused=txtFeedbackHex
10:48:59.426 [KeyDown] keyCode=W focused=txtFeedbackHex
10:48:59.456 [KeyDown] keyCode=W focused=txtFeedbackHex
10:48:59.486 [KeyDown] keyCode=W focused=txtFeedbackHex
10:48:59.517 [KeyDown] keyCode=W focused=txtFeedbackHex
10:48:59.546 [KeyDown] keyCode=W focused=txtFeedbackHex
10:48:59.577 [KeyDown] keyCode=W focused=txtFeedbackHex
10:48:59.607 [KeyDown] keyCode=W focused=txtFeedbackHex
10:48:59.637 [KeyDown] keyCode=W focused=txtFeedbackHex
10:48:59.669 [KeyDown] keyCode=W focused=txtFeedbackHex
10:48:59.696 [KeyDown] keyCode=W focused=txtFeedbackHex
10:48:59.726 [KeyDown] keyCode=W focused=txtFeedbackHex
10:48:59.757 [KeyDown] keyCode=W focused=txtFeedbackHex
10:48:59.786 [KeyDown] keyCode=W focused=txtFeedbackHex
10:48:59.820 [KeyDown] keyCode=W focused=txtFeedbackHex
10:48:59.847 [KeyDown] keyCode=W focused=txtFeedbackHex
10:48:59.879 [KeyDown] keyCode=W focused=txtFeedbackHex
10:48:59.907 [KeyDown] keyCode=W focused=txtFeedbackHex
11:02:07.334 [KeyDown] keyCode=W focused=btnStart
11:02:07.833 [KeyDown] keyCode=W focused=btnStart
11:02:07.863 [KeyDown] keyCode=W focused=btnStart
11:02:07.892 [KeyDown] keyCode=W focused=btnStart
11:02:07.924 [KeyDown] keyCode=W focused=btnStart
11:02:07.953 [KeyDown] keyCode=W focused=btnStart
11:02:07.984 [KeyDown] keyCode=W focused=btnStart
11:02:08.014 [KeyDown] keyCode=W focused=btnStart
11:02:08.042 [KeyDown] keyCode=W focused=btnStart
11:02:08.073 [KeyDown] keyCode=W focused=btnStart
11:02:08.081 [KeyUp] keyCode=W
11:02:08.120 [Send] W=0 A=0 S=0 D=0 HWA=1.00 accel=0.00 decel=0.00 | emerg=0 mode=1
11:02:08.382 [KeyDown] keyCode=S focused=btnStart
11:02:08.447 [Send] W=0 A=0 S=1 D=0 HWA=1.00 accel=0.00 decel=0.25 | emerg=0 mode=1
11:02:08.885 [KeyDown] keyCode=S focused=btnStart
11:02:08.916 [KeyDown] keyCode=S focused=btnStart
11:02:08.942 [KeyDown] keyCode=S focused=btnStart
11:02:08.972 [KeyDown] keyCode=S focused=btnStart
11:02:09.002 [KeyDown] keyCode=S focused=btnStart
11:02:09.032 [KeyDown] keyCode=S focused=btnStart
11:02:09.066 [KeyDown] keyCode=S focused=btnStart
11:02:09.070 [KeyUp] keyCode=S
11:02:09.081 [Send] W=0 A=0 S=0 D=0 HWA=1.00 accel=0.00 decel=0.00 | emerg=0 mode=1
11:02:09.322 [KeyDown] keyCode=W focused=btnStart
11:02:09.325 [Send] W=1 A=0 S=0 D=0 HWA=1.00 accel=0.25 decel=0.00 | emerg=0 mode=1
11:02:09.821 [KeyDown] keyCode=W focused=btnStart
11:02:09.852 [KeyDown] keyCode=W focused=btnStart
11:02:09.884 [KeyDown] keyCode=W focused=btnStart
11:02:09.913 [KeyDown] keyCode=W focused=btnStart
11:02:09.941 [KeyDown] keyCode=W focused=btnStart
11:02:09.971 [KeyDown] keyCode=W focused=btnStart
11:02:09.978 [KeyUp] keyCode=W
11:02:10.025 [Send] W=0 A=0 S=0 D=0 HWA=1.00 accel=0.00 decel=0.00 | emerg=0 mode=1
11:02:10.416 [KeyDown] keyCode=S focused=btnStart
11:02:10.477 [Send] W=0 A=0 S=1 D=0 HWA=1.00 accel=0.00 decel=0.25 | emerg=0 mode=1
11:02:10.880 [KeyUp] keyCode=S
11:02:10.911 [Send] W=0 A=0 S=0 D=0 HWA=1.00 accel=0.00 decel=0.00 | emerg=0 mode=1
11:02:15.445 [KeyDown] keyCode=W focused=btnStart
11:02:15.459 [Send] W=1 A=0 S=0 D=0 HWA=1.00 accel=0.25 decel=0.00 | emerg=0 mode=1
11:02:15.944 [KeyDown] keyCode=W focused=btnStart
11:02:15.975 [KeyDown] keyCode=W focused=btnStart
11:02:16.003 [KeyDown] keyCode=W focused=btnStart
11:02:16.033 [KeyDown] keyCode=W focused=btnStart
11:02:16.065 [KeyDown] keyCode=W focused=btnStart
11:02:16.095 [KeyDown] keyCode=W focused=btnStart
11:02:16.124 [KeyDown] keyCode=W focused=btnStart
11:02:16.147 [KeyUp] keyCode=W
11:02:16.151 [Send] W=0 A=0 S=0 D=0 HWA=1.00 accel=0.00 decel=0.00 | emerg=0 mode=1
11:02:17.135 [KeyDown] keyCode=W focused=btnStart
11:02:17.159 [Send] W=1 A=0 S=0 D=0 HWA=1.00 accel=0.25 decel=0.00 | emerg=0 mode=1
11:02:17.525 [KeyUp] keyCode=W
11:02:17.529 [Send] W=0 A=0 S=0 D=0 HWA=1.00 accel=0.00 decel=0.00 | emerg=0 mode=1
11:02:18.510 [KeyDown] keyCode=S focused=btnStart
11:02:18.557 [Send] W=0 A=0 S=1 D=0 HWA=1.00 accel=0.00 decel=0.25 | emerg=0 mode=1
11:02:18.883 [KeyUp] keyCode=S
11:02:18.946 [Send] W=0 A=0 S=0 D=0 HWA=1.00 accel=0.00 decel=0.00 | emerg=0 mode=1
11:02:19.056 [KeyDown] keyCode=S focused=btnStart
11:02:19.071 [Send] W=0 A=0 S=1 D=0 HWA=1.00 accel=0.00 decel=0.25 | emerg=0 mode=1
11:02:19.292 [KeyUp] keyCode=S
11:02:19.311 [Send] W=0 A=0 S=0 D=0 HWA=1.00 accel=0.00 decel=0.00 | emerg=0 mode=1
11:02:19.542 [KeyDown] keyCode=S focused=btnStart
11:02:19.568 [Send] W=0 A=0 S=1 D=0 HWA=1.00 accel=0.00 decel=0.25 | emerg=0 mode=1
11:02:19.794 [KeyUp] keyCode=S
11:02:19.823 [Send] W=0 A=0 S=0 D=0 HWA=1.00 accel=0.00 decel=0.00 | emerg=0 mode=1
11:02:20.005 [KeyDown] keyCode=S focused=btnStart
11:02:20.010 [Send] W=0 A=0 S=1 D=0 HWA=1.00 accel=0.00 decel=0.25 | emerg=0 mode=1
11:02:20.212 [KeyUp] keyCode=S
11:02:20.260 [Send] W=0 A=0 S=0 D=0 HWA=1.00 accel=0.00 decel=0.00 | emerg=0 mode=1
11:02:20.475 [KeyDown] keyCode=S focused=btnStart
11:02:20.507 [Send] W=0 A=0 S=1 D=0 HWA=1.00 accel=0.00 decel=0.25 | emerg=0 mode=1
11:02:20.693 [KeyUp] keyCode=S
11:02:20.750 [Send] W=0 A=0 S=0 D=0 HWA=1.00 accel=0.00 decel=0.00 | emerg=0 mode=1
11:04:07.238 [KeyDown] keyCode=A focused=rbRes
11:04:07.248 [Send] W=0 A=1 S=0 D=0 HWA=0.25 accel=0.00 decel=0.00 | emerg=0 mode=1
11:04:07.525 [KeyUp] keyCode=A
11:04:07.574 [Send] W=0 A=0 S=0 D=0 HWA=1.00 accel=0.00 decel=0.00 | emerg=0 mode=1
11:04:07.834 [KeyDown] keyCode=D focused=rbRes
11:04:07.840 [Send] W=0 A=0 S=0 D=1 HWA=-0.25 accel=0.00 decel=0.00 | emerg=0 mode=1
11:04:08.049 [KeyUp] keyCode=D
11:04:08.100 [Send] W=0 A=0 S=0 D=0 HWA=1.00 accel=0.00 decel=0.00 | emerg=0 mode=1
11:04:08.322 [KeyDown] keyCode=A focused=rbRes
11:04:08.344 [Send] W=0 A=1 S=0 D=0 HWA=0.25 accel=0.00 decel=0.00 | emerg=0 mode=1
11:04:08.553 [KeyUp] keyCode=A
11:04:08.591 [Send] W=0 A=0 S=0 D=0 HWA=1.00 accel=0.00 decel=0.00 | emerg=0 mode=1
11:04:08.629 [KeyDown] keyCode=D focused=rbRes
11:04:08.659 [Send] W=0 A=0 S=0 D=1 HWA=-0.25 accel=0.00 decel=0.00 | emerg=0 mode=1
11:04:08.862 [KeyDown] keyCode=A focused=rbRes
11:04:08.872 [KeyUp] keyCode=D
11:04:08.905 [Send] W=0 A=1 S=0 D=0 HWA=0.25 accel=0.00 decel=0.00 | emerg=0 mode=1
11:04:08.934 [KeyUp] keyCode=A
11:04:08.979 [Send] W=0 A=0 S=0 D=0 HWA=1.00 accel=0.00 decel=0.00 | emerg=0 mode=1
11:04:48.405 [KeyDown] keyCode=W focused=rbRes
11:04:48.454 [Send] W=1 A=0 S=0 D=0 HWA=1.00 accel=0.25 decel=0.00 | emerg=0 mode=1
11:04:48.904 [KeyDown] keyCode=W focused=rbRes
11:04:48.933 [KeyDown] keyCode=W focused=rbRes
11:04:48.964 [KeyDown] keyCode=W focused=rbRes
11:04:48.994 [KeyDown] keyCode=W focused=rbRes
11:04:49.023 [KeyDown] keyCode=W focused=rbRes
11:04:49.052 [KeyDown] keyCode=W focused=rbRes
11:04:49.083 [KeyDown] keyCode=W focused=rbRes
11:04:49.115 [KeyDown] keyCode=W focused=rbRes
11:04:49.145 [KeyDown] keyCode=W focused=rbRes
11:04:49.176 [KeyDown] keyCode=W focused=rbRes
11:04:49.203 [KeyDown] keyCode=W focused=rbRes
11:04:49.235 [KeyDown] keyCode=W focused=rbRes
11:04:49.266 [KeyDown] keyCode=W focused=rbRes
11:04:49.292 [KeyDown] keyCode=W focused=rbRes
11:04:49.325 [KeyDown] keyCode=W focused=rbRes
11:04:49.354 [KeyDown] keyCode=W focused=rbRes
11:04:49.385 [KeyDown] keyCode=W focused=rbRes
11:04:49.416 [KeyDown] keyCode=W focused=rbRes
11:04:49.444 [KeyDown] keyCode=W focused=rbRes
11:04:49.475 [KeyDown] keyCode=W focused=rbRes
11:04:49.504 [KeyDown] keyCode=W focused=rbRes
11:04:49.533 [KeyDown] keyCode=W focused=rbRes
11:04:49.564 [KeyUp] keyCode=W
11:04:49.582 [Send] W=0 A=0 S=0 D=0 HWA=1.00 accel=0.00 decel=0.00 | emerg=0 mode=1
11:04:50.052 [KeyDown] keyCode=W focused=rbRes
11:04:50.079 [Send] W=1 A=0 S=0 D=0 HWA=1.00 accel=0.25 decel=0.00 | emerg=0 mode=1
11:04:50.175 [KeyUp] keyCode=W
11:04:50.208 [Send] W=0 A=0 S=0 D=0 HWA=1.00 accel=0.00 decel=0.00 | emerg=0 mode=1
11:04:50.552 [KeyDown] keyCode=W focused=rbRes
11:04:50.584 [Send] W=1 A=0 S=0 D=0 HWA=1.00 accel=0.25 decel=0.00 | emerg=0 mode=1
11:04:50.663 [KeyUp] keyCode=W
11:04:50.706 [Send] W=0 A=0 S=0 D=0 HWA=1.00 accel=0.00 decel=0.00 | emerg=0 mode=1
11:04:51.005 [KeyDown] keyCode=W focused=rbRes
11:04:51.025 [Send] W=1 A=0 S=0 D=0 HWA=1.00 accel=0.25 decel=0.00 | emerg=0 mode=1
11:04:51.127 [KeyUp] keyCode=W
11:04:51.141 [Send] W=0 A=0 S=0 D=0 HWA=1.00 accel=0.00 decel=0.00 | emerg=0 mode=1
11:04:51.412 [KeyDown] keyCode=W focused=rbRes
11:04:51.460 [Send] W=1 A=0 S=0 D=0 HWA=1.00 accel=0.25 decel=0.00 | emerg=0 mode=1
11:04:51.539 [KeyUp] keyCode=W
11:04:51.591 [Send] W=0 A=0 S=0 D=0 HWA=1.00 accel=0.00 decel=0.00 | emerg=0 mode=1
11:04:51.865 [KeyDown] keyCode=W focused=rbRes
11:04:51.917 [Send] W=1 A=0 S=0 D=0 HWA=1.00 accel=0.25 decel=0.00 | emerg=0 mode=1
11:04:52.002 [KeyUp] keyCode=W
11:04:52.040 [Send] W=0 A=0 S=0 D=0 HWA=1.00 accel=0.00 decel=0.00 | emerg=0 mode=1
11:04:52.595 [KeyDown] keyCode=S focused=rbRes
11:04:52.599 [Send] W=0 A=0 S=1 D=0 HWA=1.00 accel=0.00 decel=0.25 | emerg=0 mode=1
11:04:52.922 [KeyUp] keyCode=S
11:04:52.978 [Send] W=0 A=0 S=0 D=0 HWA=1.00 accel=0.00 decel=0.00 | emerg=0 mode=1
11:04:53.440 [KeyDown] keyCode=S focused=rbRes
11:04:53.482 [Send] W=0 A=0 S=1 D=0 HWA=1.00 accel=0.00 decel=0.25 | emerg=0 mode=1
11:04:53.621 [KeyUp] keyCode=S
11:04:53.672 [Send] W=0 A=0 S=0 D=0 HWA=1.00 accel=0.00 decel=0.00 | emerg=0 mode=1
11:04:54.335 [KeyDown] keyCode=S focused=rbRes
11:04:54.362 [Send] W=0 A=0 S=1 D=0 HWA=1.00 accel=0.00 decel=0.25 | emerg=0 mode=1
11:04:54.700 [KeyUp] keyCode=S
11:04:54.752 [Send] W=0 A=0 S=0 D=0 HWA=1.00 accel=0.00 decel=0.00 | emerg=0 mode=1
11:04:55.084 [KeyDown] keyCode=S focused=rbRes
11:04:55.130 [Send] W=0 A=0 S=1 D=0 HWA=1.00 accel=0.00 decel=0.25 | emerg=0 mode=1
11:04:55.320 [KeyUp] keyCode=S
11:04:55.324 [Send] W=0 A=0 S=0 D=0 HWA=1.00 accel=0.00 decel=0.00 | emerg=0 mode=1
11:05:22.509 [KeyDown] keyCode=W focused=rbManual
11:05:22.564 [Send] W=1 A=0 S=0 D=0 HWA=1.00 accel=0.25 decel=0.00 | emerg=0 mode=0
11:05:22.938 [KeyUp] keyCode=W
11:05:22.941 [Send] W=0 A=0 S=0 D=0 HWA=1.00 accel=0.00 decel=0.00 | emerg=0 mode=0
11:05:23.504 [KeyDown] keyCode=X focused=rbManual
11:05:23.925 [KeyUp] keyCode=X
11:05:24.349 [KeyDown] keyCode=S focused=rbManual
11:05:24.389 [Send] W=0 A=0 S=1 D=0 HWA=1.00 accel=0.00 decel=0.25 | emerg=0 mode=0
11:05:24.775 [KeyUp] keyCode=S
11:05:24.837 [Send] W=0 A=0 S=0 D=0 HWA=1.00 accel=0.00 decel=0.00 | emerg=0 mode=0
11:05:25.060 [KeyDown] keyCode=D focused=rbManual
11:05:25.080 [Send] W=0 A=0 S=0 D=1 HWA=-0.25 accel=0.00 decel=0.00 | emerg=0 mode=0
11:05:25.333 [KeyDown] keyCode=A focused=rbManual
11:05:25.339 [Send] W=0 A=1 S=0 D=1 HWA=0.00 accel=0.00 decel=0.00 | emerg=0 mode=0
11:05:25.381 [KeyUp] keyCode=D
11:05:25.389 [Send] W=0 A=1 S=0 D=0 HWA=0.25 accel=0.00 decel=0.00 | emerg=0 mode=0
11:05:25.630 [KeyUp] keyCode=A
11:05:25.645 [Send] W=0 A=0 S=0 D=0 HWA=1.00 accel=0.00 decel=0.00 | emerg=0 mode=0
11:05:25.843 [KeyDown] keyCode=S focused=rbManual
11:05:25.889 [Send] W=0 A=0 S=1 D=0 HWA=1.00 accel=0.00 decel=0.25 | emerg=0 mode=0
11:05:26.039 [KeyUp] keyCode=S
11:05:26.081 [Send] W=0 A=0 S=0 D=0 HWA=1.00 accel=0.00 decel=0.00 | emerg=0 mode=0
11:05:26.238 [KeyDown] keyCode=W focused=rbManual
11:05:26.301 [Send] W=1 A=0 S=0 D=0 HWA=1.00 accel=0.25 decel=0.00 | emerg=0 mode=0
11:05:26.411 [KeyUp] keyCode=W
11:05:26.420 [Send] W=0 A=0 S=0 D=0 HWA=1.00 accel=0.00 decel=0.00 | emerg=0 mode=0
11:05:27.179 [KeyDown] keyCode=S focused=rbManual
11:05:27.243 [Send] W=0 A=0 S=1 D=0 HWA=1.00 accel=0.00 decel=0.25 | emerg=0 mode=0
11:05:27.480 [KeyUp] keyCode=S
11:05:27.488 [Send] W=0 A=0 S=0 D=0 HWA=1.00 accel=0.00 decel=0.00 | emerg=0 mode=0
11:05:27.802 [KeyDown] keyCode=W focused=rbManual
11:05:27.806 [Send] W=1 A=0 S=0 D=0 HWA=1.00 accel=0.25 decel=0.00 | emerg=0 mode=0
11:05:28.053 [KeyUp] keyCode=W
11:05:28.112 [Send] W=0 A=0 S=0 D=0 HWA=1.00 accel=0.00 decel=0.00 | emerg=0 mode=0
11:05:29.977 [KeyDown] keyCode=W focused=rbAuto
11:05:30.001 [Send] W=1 A=0 S=0 D=0 HWA=1.00 accel=0.25 decel=0.00 | emerg=0 mode=1
11:05:30.476 [KeyDown] keyCode=W focused=rbAuto
11:05:30.504 [KeyDown] keyCode=W focused=rbAuto
11:05:30.534 [KeyDown] keyCode=W focused=rbAuto
11:05:30.564 [KeyDown] keyCode=W focused=rbAuto
11:05:30.593 [KeyDown] keyCode=W focused=rbAuto
11:05:30.623 [KeyDown] keyCode=W focused=rbAuto
11:05:30.654 [KeyDown] keyCode=W focused=rbAuto
11:05:30.683 [KeyDown] keyCode=W focused=rbAuto
11:05:30.713 [KeyDown] keyCode=W focused=rbAuto
11:05:30.743 [KeyDown] keyCode=W focused=rbAuto
11:05:30.773 [KeyDown] keyCode=W focused=rbAuto
11:05:30.803 [KeyDown] keyCode=W focused=rbAuto
11:05:30.833 [KeyDown] keyCode=W focused=rbAuto
11:05:30.864 [KeyDown] keyCode=W focused=rbAuto
11:05:30.895 [KeyDown] keyCode=W focused=rbAuto
11:05:30.924 [KeyDown] keyCode=W focused=rbAuto
11:05:30.953 [KeyDown] keyCode=W focused=rbAuto
11:05:30.983 [KeyDown] keyCode=W focused=rbAuto
11:05:31.013 [KeyDown] keyCode=W focused=rbAuto
11:05:31.043 [KeyDown] keyCode=W focused=rbAuto
11:05:31.074 [KeyDown] keyCode=W focused=rbAuto
11:05:31.104 [KeyDown] keyCode=W focused=rbAuto
11:05:31.133 [KeyDown] keyCode=W focused=rbAuto
11:05:31.163 [KeyDown] keyCode=W focused=rbAuto
11:05:31.195 [KeyDown] keyCode=W focused=rbAuto
11:05:31.224 [KeyDown] keyCode=W focused=rbAuto
11:05:31.260 [KeyUp] keyCode=W
11:05:31.315 [Send] W=0 A=0 S=0 D=0 HWA=1.00 accel=0.00 decel=0.00 | emerg=0 mode=1
11:05:31.953 [KeyDown] keyCode=W focused=rbAuto
11:05:31.954 [Send] W=1 A=0 S=0 D=0 HWA=1.00 accel=0.25 decel=0.00 | emerg=0 mode=1
11:05:32.455 [KeyDown] keyCode=W focused=rbAuto
11:05:32.483 [KeyDown] keyCode=W focused=rbAuto
11:05:32.513 [KeyDown] keyCode=W focused=rbAuto
11:05:32.543 [KeyDown] keyCode=W focused=rbAuto
11:05:32.574 [KeyDown] keyCode=W focused=rbAuto
11:05:32.603 [KeyDown] keyCode=W focused=rbAuto
11:05:32.634 [KeyDown] keyCode=W focused=rbAuto
11:05:32.664 [KeyDown] keyCode=W focused=rbAuto
11:05:32.692 [KeyDown] keyCode=W focused=rbAuto
11:05:32.723 [KeyDown] keyCode=W focused=rbAuto
11:05:32.753 [KeyDown] keyCode=W focused=rbAuto
11:05:32.785 [KeyDown] keyCode=W focused=rbAuto
11:05:32.814 [KeyDown] keyCode=W focused=rbAuto
11:05:32.843 [KeyDown] keyCode=W focused=rbAuto
11:05:32.873 [KeyDown] keyCode=W focused=rbAuto
11:05:32.904 [KeyDown] keyCode=W focused=rbAuto
11:05:32.933 [KeyDown] keyCode=W focused=rbAuto
11:05:32.962 [KeyDown] keyCode=W focused=rbAuto
11:05:32.993 [KeyDown] keyCode=W focused=rbAuto
11:05:33.023 [KeyDown] keyCode=W focused=rbAuto
11:05:33.053 [KeyDown] keyCode=W focused=rbAuto
11:05:33.083 [KeyDown] keyCode=W focused=rbAuto
11:05:33.112 [KeyDown] keyCode=W focused=rbAuto
11:05:33.145 [KeyDown] keyCode=W focused=rbAuto
11:05:33.177 [KeyDown] keyCode=W focused=rbAuto
11:05:33.203 [KeyDown] keyCode=W focused=rbAuto
11:05:33.237 [KeyDown] keyCode=W focused=rbAuto
11:05:33.268 [KeyDown] keyCode=W focused=rbAuto
11:05:33.292 [KeyDown] keyCode=W focused=rbAuto
11:05:33.322 [KeyDown] keyCode=W focused=rbAuto
11:05:33.353 [KeyDown] keyCode=W focused=rbAuto
11:05:33.384 [KeyDown] keyCode=W focused=rbAuto
11:05:33.413 [KeyDown] keyCode=W focused=rbAuto
11:05:33.442 [KeyDown] keyCode=W focused=rbAuto
11:05:33.472 [KeyDown] keyCode=W focused=rbAuto
11:05:33.502 [KeyDown] keyCode=W focused=rbAuto
11:05:33.534 [KeyDown] keyCode=W focused=rbAuto
11:05:33.543 [KeyUp] keyCode=W
11:05:33.596 [Send] W=0 A=0 S=0 D=0 HWA=1.00 accel=0.00 decel=0.00 | emerg=0 mode=1
11:05:34.230 [KeyDown] keyCode=W focused=rbAuto
11:05:34.286 [Send] W=1 A=0 S=0 D=0 HWA=1.00 accel=0.25 decel=0.00 | emerg=0 mode=1
11:05:34.732 [KeyDown] keyCode=W focused=rbAuto
11:05:34.761 [KeyDown] keyCode=W focused=rbAuto
11:05:34.791 [KeyDown] keyCode=W focused=rbAuto
11:05:34.822 [KeyDown] keyCode=W focused=rbAuto
11:05:34.851 [KeyDown] keyCode=W focused=rbAuto
11:05:34.884 [KeyDown] keyCode=W focused=rbAuto
11:05:34.908 [KeyUp] keyCode=W
11:05:34.911 [Send] W=0 A=0 S=0 D=0 HWA=1.00 accel=0.00 decel=0.00 | emerg=0 mode=1
11:05:35.530 [KeyDown] keyCode=S focused=rbAuto
11:05:35.557 [Send] W=0 A=0 S=1 D=0 HWA=1.00 accel=0.00 decel=0.25 | emerg=0 mode=1
11:05:36.030 [KeyDown] keyCode=S focused=rbAuto
11:05:36.058 [KeyDown] keyCode=S focused=rbAuto
11:05:36.089 [KeyDown] keyCode=S focused=rbAuto
11:05:36.120 [KeyDown] keyCode=S focused=rbAuto
11:05:36.150 [KeyDown] keyCode=S focused=rbAuto
11:05:36.178 [KeyDown] keyCode=S focused=rbAuto
11:05:36.210 [KeyDown] keyCode=S focused=rbAuto
11:05:36.240 [KeyDown] keyCode=S focused=rbAuto
11:05:36.280 [KeyDown] keyCode=S focused=rbAuto
11:05:36.300 [KeyDown] keyCode=S focused=rbAuto
11:05:36.331 [KeyDown] keyCode=S focused=rbAuto
11:05:36.361 [KeyDown] keyCode=S focused=rbAuto
11:05:36.390 [KeyDown] keyCode=S focused=rbAuto
11:05:36.420 [KeyDown] keyCode=S focused=rbAuto
11:05:36.449 [KeyDown] keyCode=S focused=rbAuto
11:05:36.483 [KeyDown] keyCode=S focused=rbAuto
11:05:36.509 [KeyDown] keyCode=S focused=rbAuto
11:05:36.540 [KeyDown] keyCode=S focused=rbAuto
11:05:36.568 [KeyDown] keyCode=S focused=rbAuto
11:05:36.598 [KeyDown] keyCode=S focused=rbAuto
11:05:36.632 [KeyDown] keyCode=S focused=rbAuto
11:05:36.658 [KeyDown] keyCode=S focused=rbAuto
11:05:36.689 [KeyDown] keyCode=S focused=rbAuto
11:05:36.721 [KeyDown] keyCode=S focused=rbAuto
11:05:36.750 [KeyDown] keyCode=S focused=rbAuto
11:05:36.772 [KeyUp] keyCode=S
11:05:36.806 [Send] W=0 A=0 S=0 D=0 HWA=1.00 accel=0.00 decel=0.00 | emerg=0 mode=1
11:05:37.298 [KeyDown] keyCode=S focused=rbAuto
11:05:37.304 [Send] W=0 A=0 S=1 D=0 HWA=1.00 accel=0.00 decel=0.25 | emerg=0 mode=1
11:05:37.790 [KeyDown] keyCode=S focused=rbAuto
11:05:37.819 [KeyDown] keyCode=S focused=rbAuto
11:05:37.848 [KeyDown] keyCode=S focused=rbAuto
11:05:37.879 [KeyDown] keyCode=S focused=rbAuto
11:05:37.908 [KeyDown] keyCode=S focused=rbAuto
11:05:37.938 [KeyDown] keyCode=S focused=rbAuto
11:05:37.971 [KeyDown] keyCode=S focused=rbAuto
11:05:37.999 [KeyDown] keyCode=S focused=rbAuto
11:05:38.027 [KeyDown] keyCode=S focused=rbAuto
11:05:38.058 [KeyDown] keyCode=S focused=rbAuto
11:05:38.088 [KeyDown] keyCode=S focused=rbAuto
11:05:38.118 [KeyDown] keyCode=S focused=rbAuto
11:05:38.148 [KeyDown] keyCode=S focused=rbAuto
11:05:38.177 [KeyDown] keyCode=S focused=rbAuto
11:05:38.208 [KeyDown] keyCode=S focused=rbAuto
11:05:38.239 [KeyDown] keyCode=S focused=rbAuto
11:05:38.269 [KeyDown] keyCode=S focused=rbAuto
11:05:38.303 [KeyDown] keyCode=S focused=rbAuto
11:05:38.306 [KeyUp] keyCode=S
11:05:38.322 [Send] W=0 A=0 S=0 D=0 HWA=1.00 accel=0.00 decel=0.00 | emerg=0 mode=1
11:05:38.943 [KeyDown] keyCode=S focused=rbAuto
11:05:38.964 [Send] W=0 A=0 S=1 D=0 HWA=1.00 accel=0.00 decel=0.25 | emerg=0 mode=1
11:05:39.445 [KeyDown] keyCode=S focused=rbAuto
11:05:39.476 [KeyDown] keyCode=S focused=rbAuto
11:05:39.504 [KeyDown] keyCode=S focused=rbAuto
11:05:39.533 [KeyDown] keyCode=S focused=rbAuto
11:05:39.564 [KeyDown] keyCode=S focused=rbAuto
11:05:39.592 [KeyDown] keyCode=S focused=rbAuto
11:05:39.623 [KeyDown] keyCode=S focused=rbAuto
11:05:39.651 [KeyDown] keyCode=S focused=rbAuto
11:05:39.683 [KeyDown] keyCode=S focused=rbAuto
11:05:39.713 [KeyDown] keyCode=S focused=rbAuto
11:05:39.744 [KeyDown] keyCode=S focused=rbAuto
11:05:39.773 [KeyDown] keyCode=S focused=rbAuto
11:05:39.802 [KeyDown] keyCode=S focused=rbAuto
11:05:39.833 [KeyDown] keyCode=S focused=rbAuto
11:05:39.863 [KeyDown] keyCode=S focused=rbAuto
11:05:39.893 [KeyDown] keyCode=S focused=rbAuto
11:05:39.925 [KeyDown] keyCode=S focused=rbAuto
11:05:39.959 [KeyDown] keyCode=S focused=rbAuto
11:05:39.984 [KeyDown] keyCode=S focused=rbAuto
11:05:40.013 [KeyDown] keyCode=S focused=rbAuto
11:05:40.043 [KeyDown] keyCode=S focused=rbAuto
11:05:40.073 [KeyDown] keyCode=S focused=rbAuto
11:05:40.103 [KeyDown] keyCode=S focused=rbAuto
11:05:40.132 [KeyDown] keyCode=S focused=rbAuto
11:05:40.145 [KeyUp] keyCode=S
11:05:40.147 [Send] W=0 A=0 S=0 D=0 HWA=1.00 accel=0.00 decel=0.00 | emerg=0 mode=1
11:05:41.676 [KeyDown] keyCode=W focused=rbAuto
11:05:41.707 [Send] W=1 A=0 S=0 D=0 HWA=1.00 accel=0.25 decel=0.00 | emerg=0 mode=1
11:05:41.874 [KeyUp] keyCode=W
11:05:41.895 [Send] W=0 A=0 S=0 D=0 HWA=1.00 accel=0.00 decel=0.00 | emerg=0 mode=1
11:05:42.010 [KeyDown] keyCode=S focused=rbAuto
11:05:42.026 [Send] W=0 A=0 S=1 D=0 HWA=1.00 accel=0.00 decel=0.25 | emerg=0 mode=1
11:05:42.513 [KeyDown] keyCode=S focused=rbAuto
11:05:42.539 [KeyDown] keyCode=S focused=rbAuto
11:05:42.570 [KeyDown] keyCode=S focused=rbAuto
11:05:42.583 [KeyUp] keyCode=S
11:05:42.651 [Send] W=0 A=0 S=0 D=0 HWA=1.00 accel=0.00 decel=0.00 | emerg=0 mode=1
11:05:44.175 [KeyDown] keyCode=W focused=rbAuto
11:05:44.216 [Send] W=1 A=0 S=0 D=0 HWA=1.00 accel=0.25 decel=0.00 | emerg=0 mode=1
11:05:44.675 [KeyDown] keyCode=W focused=rbAuto
11:05:44.706 [KeyDown] keyCode=W focused=rbAuto
11:05:44.734 [KeyDown] keyCode=W focused=rbAuto
11:05:44.766 [KeyDown] keyCode=W focused=rbAuto
11:05:44.794 [KeyDown] keyCode=W focused=rbAuto
11:05:44.823 [KeyDown] keyCode=W focused=rbAuto
11:05:44.853 [KeyDown] keyCode=W focused=rbAuto
11:05:44.883 [KeyDown] keyCode=W focused=rbAuto
11:05:44.913 [KeyDown] keyCode=W focused=rbAuto
11:05:44.943 [KeyDown] keyCode=W focused=rbAuto
11:05:44.973 [KeyDown] keyCode=W focused=rbAuto
11:05:45.003 [KeyDown] keyCode=W focused=rbAuto
11:05:45.033 [KeyDown] keyCode=W focused=rbAuto
11:05:45.064 [KeyDown] keyCode=W focused=rbAuto
11:05:45.090 [KeyUp] keyCode=W
11:05:45.107 [Send] W=0 A=0 S=0 D=0 HWA=1.00 accel=0.00 decel=0.00 | emerg=0 mode=1
11:05:45.857 [KeyDown] keyCode=W focused=rbAuto
11:05:45.859 [Send] W=1 A=0 S=0 D=0 HWA=1.00 accel=0.25 decel=0.00 | emerg=0 mode=1
11:05:46.362 [KeyDown] keyCode=W focused=rbAuto
11:05:46.389 [KeyDown] keyCode=W focused=rbAuto
11:05:46.417 [KeyDown] keyCode=W focused=rbAuto
11:05:46.447 [KeyDown] keyCode=W focused=rbAuto
11:05:46.477 [KeyDown] keyCode=W focused=rbAuto
11:05:46.507 [KeyDown] keyCode=W focused=rbAuto
11:05:46.537 [KeyDown] keyCode=W focused=rbAuto
11:05:46.568 [KeyDown] keyCode=W focused=rbAuto
11:05:46.603 [KeyDown] keyCode=W focused=rbAuto
11:05:46.627 [KeyDown] keyCode=W focused=rbAuto
11:05:46.657 [KeyDown] keyCode=W focused=rbAuto
11:05:46.687 [KeyDown] keyCode=W focused=rbAuto
11:05:46.721 [KeyDown] keyCode=W focused=rbAuto
11:05:46.747 [KeyDown] keyCode=W focused=rbAuto
11:05:46.777 [KeyDown] keyCode=W focused=rbAuto
11:05:46.808 [KeyDown] keyCode=W focused=rbAuto
11:05:46.839 [KeyDown] keyCode=W focused=rbAuto
11:05:46.847 [KeyUp] keyCode=W
11:05:46.862 [Send] W=0 A=0 S=0 D=0 HWA=1.00 accel=0.00 decel=0.00 | emerg=0 mode=1
11:05:49.584 [KeyDown] keyCode=W focused=rbAuto
11:05:49.645 [Send] W=1 A=0 S=0 D=0 HWA=1.00 accel=0.25 decel=0.00 | emerg=0 mode=1
11:05:50.086 [KeyDown] keyCode=W focused=rbAuto
11:05:50.116 [KeyDown] keyCode=W focused=rbAuto
11:05:50.144 [KeyDown] keyCode=W focused=rbAuto
11:05:50.175 [KeyDown] keyCode=W focused=rbAuto
11:05:50.203 [KeyDown] keyCode=W focused=rbAuto
11:05:50.235 [KeyDown] keyCode=W focused=rbAuto
11:05:50.263 [KeyDown] keyCode=W focused=rbAuto
11:05:50.295 [KeyDown] keyCode=W focused=rbAuto
11:05:50.324 [KeyDown] keyCode=W focused=rbAuto
11:05:50.375 [KeyDown] keyCode=W focused=rbAuto
11:05:50.387 [KeyDown] keyCode=W focused=rbAuto
11:05:50.414 [KeyDown] keyCode=W focused=rbAuto
11:05:50.445 [KeyDown] keyCode=W focused=rbAuto
11:05:50.474 [KeyDown] keyCode=W focused=rbAuto
11:05:50.505 [KeyDown] keyCode=W focused=rbAuto
11:05:50.534 [KeyDown] keyCode=W focused=rbAuto
11:05:50.564 [KeyDown] keyCode=W focused=rbAuto
11:05:50.577 [KeyUp] keyCode=W
11:05:50.601 [Send] W=0 A=0 S=0 D=0 HWA=1.00 accel=0.00 decel=0.00 | emerg=0 mode=1
11:05:55.225 [KeyDown] keyCode=W focused=rbAuto
11:05:55.287 [Send] W=1 A=0 S=0 D=0 HWA=1.00 accel=0.25 decel=0.00 | emerg=0 mode=1
11:05:55.557 [KeyUp] keyCode=W
11:05:55.602 [Send] W=0 A=0 S=0 D=0 HWA=1.00 accel=0.00 decel=0.00 | emerg=0 mode=1
11:05:55.752 [KeyDown] keyCode=W focused=rbAuto
11:05:55.801 [Send] W=1 A=0 S=0 D=0 HWA=1.00 accel=0.25 decel=0.00 | emerg=0 mode=1
11:05:55.932 [KeyUp] keyCode=W
11:05:55.987 [Send] W=0 A=0 S=0 D=0 HWA=1.00 accel=0.00 decel=0.00 | emerg=0 mode=1
11:05:56.085 [KeyDown] keyCode=W focused=rbAuto
11:05:56.123 [Send] W=1 A=0 S=0 D=0 HWA=1.00 accel=0.25 decel=0.00 | emerg=0 mode=1
11:05:56.287 [KeyUp] keyCode=W
11:05:56.313 [Send] W=0 A=0 S=0 D=0 HWA=1.00 accel=0.00 decel=0.00 | emerg=0 mode=1
11:05:56.989 [KeyDown] keyCode=W focused=rbAuto
11:05:57.012 [Send] W=1 A=0 S=0 D=0 HWA=1.00 accel=0.25 decel=0.00 | emerg=0 mode=1
11:05:57.196 [KeyUp] keyCode=W
11:05:57.250 [Send] W=0 A=0 S=0 D=0 HWA=1.00 accel=0.00 decel=0.00 | emerg=0 mode=1
11:05:57.921 [KeyDown] keyCode=S focused=rbAuto
11:05:57.940 [Send] W=0 A=0 S=1 D=0 HWA=1.00 accel=0.00 decel=0.25 | emerg=0 mode=1
11:05:58.418 [KeyDown] keyCode=S focused=rbAuto
11:05:58.447 [KeyDown] keyCode=S focused=rbAuto
11:05:58.477 [KeyDown] keyCode=S focused=rbAuto
11:05:58.508 [KeyDown] keyCode=S focused=rbAuto
11:05:58.539 [KeyDown] keyCode=S focused=rbAuto
11:05:58.571 [KeyDown] keyCode=S focused=rbAuto
11:05:58.601 [KeyDown] keyCode=S focused=rbAuto
11:05:58.631 [KeyDown] keyCode=S focused=rbAuto
11:05:58.660 [KeyDown] keyCode=S focused=rbAuto
11:05:58.687 [KeyDown] keyCode=S focused=rbAuto
11:05:58.718 [KeyDown] keyCode=S focused=rbAuto
11:05:58.748 [KeyDown] keyCode=S focused=rbAuto
11:05:58.770 [KeyUp] keyCode=S
11:05:58.812 [Send] W=0 A=0 S=0 D=0 HWA=1.00 accel=0.00 decel=0.00 | emerg=0 mode=1
11:05:59.096 [KeyDown] keyCode=A focused=rbAuto
11:05:59.126 [Send] W=0 A=1 S=0 D=0 HWA=0.25 accel=0.00 decel=0.00 | emerg=0 mode=1
11:05:59.323 [KeyUp] keyCode=A
11:05:59.377 [Send] W=0 A=0 S=0 D=0 HWA=1.00 accel=0.00 decel=0.00 | emerg=0 mode=1
11:05:59.611 [KeyDown] keyCode=D focused=rbAuto
11:05:59.638 [Send] W=0 A=0 S=0 D=1 HWA=-0.25 accel=0.00 decel=0.00 | emerg=0 mode=1
11:05:59.859 [KeyUp] keyCode=D
11:05:59.898 [Send] W=0 A=0 S=0 D=0 HWA=1.00 accel=0.00 decel=0.00 | emerg=0 mode=1
11:06:00.250 [KeyDown] keyCode=D focused=rbAuto
11:06:00.265 [Send] W=0 A=0 S=0 D=1 HWA=-0.25 accel=0.00 decel=0.00 | emerg=0 mode=1
11:06:00.499 [KeyUp] keyCode=D
11:06:00.517 [KeyDown] keyCode=A focused=rbAuto
11:06:00.521 [Send] W=0 A=1 S=0 D=0 HWA=0.25 accel=0.00 decel=0.00 | emerg=0 mode=1
11:06:00.722 [KeyUp] keyCode=A
11:06:00.763 [Send] W=0 A=0 S=0 D=0 HWA=1.00 accel=0.00 decel=0.00 | emerg=0 mode=1
11:06:00.978 [KeyDown] keyCode=D focused=rbAuto
11:06:01.016 [Send] W=0 A=0 S=0 D=1 HWA=-0.25 accel=0.00 decel=0.00 | emerg=0 mode=1
11:06:01.176 [KeyDown] keyCode=A focused=rbAuto
11:06:01.189 [KeyUp] keyCode=D
11:06:01.209 [Send] W=0 A=1 S=0 D=0 HWA=0.25 accel=0.00 decel=0.00 | emerg=0 mode=1
11:06:01.383 [KeyUp] keyCode=A
11:06:01.415 [Send] W=0 A=0 S=0 D=0 HWA=1.00 accel=0.00 decel=0.00 | emerg=0 mode=1
11:06:01.726 [KeyDown] keyCode=D focused=rbAuto
11:06:01.786 [Send] W=0 A=0 S=0 D=1 HWA=-0.25 accel=0.00 decel=0.00 | emerg=0 mode=1
11:06:01.958 [KeyUp] keyCode=D
11:06:01.968 [Send] W=0 A=0 S=0 D=0 HWA=1.00 accel=0.00 decel=0.00 | emerg=0 mode=1
11:06:02.215 [KeyDown] keyCode=A focused=rbAuto
11:06:02.217 [Send] W=0 A=1 S=0 D=0 HWA=0.25 accel=0.00 decel=0.00 | emerg=0 mode=1
11:06:02.411 [KeyUp] keyCode=A
11:06:02.413 [Send] W=0 A=0 S=0 D=0 HWA=1.00 accel=0.00 decel=0.00 | emerg=0 mode=1
11:08:57.032 [KeyDown] keyCode=W focused=btnStart
11:08:57.091 [Send] W=1 A=0 S=0 D=0 HWA=1.00 accel=0.25 decel=0.00 | emerg=0 mode=1
11:08:57.531 [KeyDown] keyCode=W focused=btnStart
11:08:57.563 [KeyDown] keyCode=W focused=btnStart
11:08:57.567 [KeyUp] keyCode=W
11:08:57.593 [Send] W=0 A=0 S=0 D=0 HWA=1.00 accel=0.00 decel=0.00 | emerg=0 mode=1
11:08:58.172 [KeyDown] keyCode=W focused=btnStart
11:08:58.217 [Send] W=1 A=0 S=0 D=0 HWA=1.00 accel=0.25 decel=0.00 | emerg=0 mode=1
11:08:58.562 [KeyUp] keyCode=W
11:08:58.605 [Send] W=0 A=0 S=0 D=0 HWA=1.00 accel=0.00 decel=0.00 | emerg=0 mode=1
11:08:58.986 [KeyDown] keyCode=S focused=btnStart
11:08:59.050 [Send] W=0 A=0 S=1 D=0 HWA=1.00 accel=0.00 decel=0.25 | emerg=0 mode=1
11:08:59.486 [KeyDown] keyCode=S focused=btnStart
11:08:59.490 [KeyUp] keyCode=S
11:08:59.561 [Send] W=0 A=0 S=0 D=0 HWA=1.00 accel=0.00 decel=0.00 | emerg=0 mode=1
11:08:59.832 [KeyDown] keyCode=S focused=btnStart
11:08:59.883 [Send] W=0 A=0 S=1 D=0 HWA=1.00 accel=0.00 decel=0.25 | emerg=0 mode=1
11:09:00.301 [KeyUp] keyCode=S
11:09:00.313 [Send] W=0 A=0 S=0 D=0 HWA=1.00 accel=0.00 decel=0.00 | emerg=0 mode=1
11:09:01.188 [KeyDown] keyCode=S focused=btnStart
11:09:01.253 [Send] W=0 A=0 S=1 D=0 HWA=1.00 accel=0.00 decel=0.25 | emerg=0 mode=1
11:09:01.445 [KeyUp] keyCode=S
11:09:01.447 [Send] W=0 A=0 S=0 D=0 HWA=1.00 accel=0.00 decel=0.00 | emerg=0 mode=1
11:09:03.976 [KeyDown] keyCode=W focused=btnStart
11:09:04.027 [Send] W=1 A=0 S=0 D=0 HWA=1.00 accel=0.25 decel=0.00 | emerg=0 mode=1
11:09:04.217 [KeyUp] keyCode=W
11:09:04.226 [KeyDown] keyCode=S focused=btnStart
11:09:04.265 [Send] W=0 A=0 S=1 D=0 HWA=1.00 accel=0.00 decel=0.25 | emerg=0 mode=1
11:09:04.728 [KeyDown] keyCode=S focused=btnStart
11:09:04.760 [KeyDown] keyCode=S focused=btnStart
11:09:04.775 [KeyUp] keyCode=S
11:09:04.783 [Send] W=0 A=0 S=0 D=0 HWA=1.00 accel=0.00 decel=0.00 | emerg=0 mode=1
11:09:05.548 [KeyDown] keyCode=W focused=btnStart
11:09:05.597 [Send] W=1 A=0 S=0 D=0 HWA=1.00 accel=0.25 decel=0.00 | emerg=0 mode=1
11:09:05.746 [KeyUp] keyCode=W
11:09:05.779 [Send] W=0 A=0 S=0 D=0 HWA=1.00 accel=0.00 decel=0.00 | emerg=0 mode=1
11:09:06.587 [KeyDown] keyCode=W focused=btnStart
11:09:06.621 [Send] W=1 A=0 S=0 D=0 HWA=1.00 accel=0.25 decel=0.00 | emerg=0 mode=1
11:09:07.086 [KeyDown] keyCode=W focused=btnStart
11:09:07.116 [KeyDown] keyCode=W focused=btnStart
11:09:07.146 [KeyDown] keyCode=W focused=btnStart
11:09:07.178 [KeyDown] keyCode=W focused=btnStart
11:09:07.207 [KeyDown] keyCode=W focused=btnStart
11:09:07.239 [KeyDown] keyCode=W focused=btnStart
11:09:07.266 [KeyDown] keyCode=W focused=btnStart
11:09:07.302 [KeyDown] keyCode=W focused=btnStart
11:09:07.328 [KeyDown] keyCode=W focused=btnStart
11:09:07.355 [KeyDown] keyCode=W focused=btnStart
11:09:07.389 [KeyDown] keyCode=W focused=btnStart
11:09:07.416 [KeyDown] keyCode=W focused=btnStart
11:09:07.446 [KeyDown] keyCode=W focused=btnStart
11:09:07.477 [KeyDown] keyCode=W focused=btnStart
11:09:07.506 [KeyDown] keyCode=W focused=btnStart
11:09:07.538 [KeyDown] keyCode=W focused=btnStart
11:09:07.567 [KeyDown] keyCode=W focused=btnStart
11:09:07.597 [KeyDown] keyCode=W focused=btnStart
11:09:07.623 [KeyUp] keyCode=W
11:09:07.673 [Send] W=0 A=0 S=0 D=0 HWA=1.00 accel=0.00 decel=0.00 | emerg=0 mode=1
11:09:09.160 [KeyDown] keyCode=W focused=btnStart
11:09:09.190 [Send] W=1 A=0 S=0 D=0 HWA=1.00 accel=0.25 decel=0.00 | emerg=0 mode=1
11:09:09.659 [KeyDown] keyCode=W focused=btnStart
11:09:09.690 [KeyDown] keyCode=W focused=btnStart
11:09:09.697 [KeyUp] keyCode=W
11:09:09.749 [Send] W=0 A=0 S=0 D=0 HWA=1.00 accel=0.00 decel=0.00 | emerg=0 mode=1
11:09:09.805 [KeyDown] keyCode=S focused=btnStart
11:09:09.820 [Send] W=0 A=0 S=1 D=0 HWA=1.00 accel=0.00 decel=0.25 | emerg=0 mode=1
11:09:10.305 [KeyDown] keyCode=S focused=btnStart
11:09:10.334 [KeyDown] keyCode=S focused=btnStart
11:09:10.366 [KeyDown] keyCode=S focused=btnStart
11:09:10.396 [KeyDown] keyCode=S focused=btnStart
11:09:10.427 [KeyDown] keyCode=S focused=btnStart
11:09:10.459 [KeyDown] keyCode=S focused=btnStart
11:09:10.488 [KeyDown] keyCode=S focused=btnStart
11:09:10.517 [KeyDown] keyCode=S focused=btnStart
11:09:10.544 [KeyDown] keyCode=S focused=btnStart
11:09:10.576 [KeyDown] keyCode=S focused=btnStart
11:09:10.604 [KeyDown] keyCode=S focused=btnStart
11:09:10.611 [KeyUp] keyCode=S
11:09:10.636 [Send] W=0 A=0 S=0 D=0 HWA=1.00 accel=0.00 decel=0.00 | emerg=0 mode=1
11:09:10.963 [KeyDown] keyCode=S focused=btnStart
11:09:10.998 [Send] W=0 A=0 S=1 D=0 HWA=1.00 accel=0.00 decel=0.25 | emerg=0 mode=1
11:09:11.463 [KeyDown] keyCode=S focused=btnStart
11:09:11.496 [KeyDown] keyCode=S focused=btnStart
11:09:11.523 [KeyDown] keyCode=S focused=btnStart
11:09:11.554 [KeyDown] keyCode=S focused=btnStart
11:09:11.583 [KeyDown] keyCode=S focused=btnStart
11:09:11.615 [KeyDown] keyCode=S focused=btnStart
11:09:11.644 [KeyDown] keyCode=S focused=btnStart
11:09:11.673 [KeyDown] keyCode=S focused=btnStart
11:09:11.706 [KeyDown] keyCode=S focused=btnStart
11:09:11.736 [KeyDown] keyCode=S focused=btnStart
11:09:11.762 [KeyDown] keyCode=S focused=btnStart
11:09:11.791 [KeyDown] keyCode=S focused=btnStart
11:09:11.814 [KeyUp] keyCode=S
11:09:11.864 [Send] W=0 A=0 S=0 D=0 HWA=1.00 accel=0.00 decel=0.00 | emerg=0 mode=1
11:09:12.428 [KeyDown] keyCode=S focused=btnStart
11:09:12.495 [Send] W=0 A=0 S=1 D=0 HWA=1.00 accel=0.00 decel=0.25 | emerg=0 mode=1
11:09:12.928 [KeyDown] keyCode=S focused=btnStart
11:09:12.961 [KeyDown] keyCode=S focused=btnStart
11:09:12.992 [KeyDown] keyCode=S focused=btnStart
11:09:13.020 [KeyDown] keyCode=S focused=btnStart
11:09:13.047 [KeyDown] keyCode=S focused=btnStart
11:09:13.079 [KeyDown] keyCode=S focused=btnStart
11:09:13.107 [KeyDown] keyCode=S focused=btnStart
11:09:13.138 [KeyDown] keyCode=S focused=btnStart
11:09:13.173 [KeyDown] keyCode=S focused=btnStart
11:09:13.197 [KeyDown] keyCode=S focused=btnStart
11:09:13.203 [KeyUp] keyCode=S
11:09:13.233 [Send] W=0 A=0 S=0 D=0 HWA=1.00 accel=0.00 decel=0.00 | emerg=0 mode=1
11:10:44.758 [KeyDown] keyCode=W focused=btnStart
11:10:44.806 [Send] W=1 A=0 S=0 D=0 HWA=1.00 accel=0.25 decel=0.00 | emerg=0 mode=1
11:10:44.825 [KeyUp] keyCode=W
11:10:44.859 [Send] W=0 A=0 S=0 D=0 HWA=1.00 accel=0.00 decel=0.00 | emerg=0 mode=1
11:10:46.496 [KeyDown] keyCode=W focused=btnStart
11:10:46.550 [Send] W=1 A=0 S=0 D=0 HWA=1.00 accel=0.25 decel=0.00 | emerg=0 mode=1
11:10:46.653 [KeyUp] keyCode=W
11:10:46.675 [Send] W=0 A=0 S=0 D=0 HWA=1.00 accel=0.00 decel=0.00 | emerg=0 mode=1
11:10:48.013 [KeyDown] keyCode=W focused=btnStart
11:10:48.018 [Send] W=1 A=0 S=0 D=0 HWA=1.00 accel=0.25 decel=0.00 | emerg=0 mode=1
11:10:48.371 [KeyDown] keyCode=S focused=btnStart
11:10:48.400 [Send] W=1 A=0 S=1 D=0 HWA=1.00 accel=0.00 decel=0.00 | emerg=0 mode=1
11:10:48.871 [KeyDown] keyCode=S focused=btnStart
11:10:48.901 [KeyDown] keyCode=S focused=btnStart
11:10:48.933 [KeyDown] keyCode=S focused=btnStart
11:10:48.960 [KeyDown] keyCode=S focused=btnStart
11:10:48.997 [KeyDown] keyCode=S focused=btnStart
11:10:49.022 [KeyDown] keyCode=S focused=btnStart
11:10:49.049 [KeyDown] keyCode=S focused=btnStart
11:10:49.082 [KeyDown] keyCode=S focused=btnStart
11:10:49.111 [KeyDown] keyCode=S focused=btnStart
11:10:49.142 [KeyDown] keyCode=S focused=btnStart
11:10:49.172 [KeyDown] keyCode=S focused=btnStart
11:10:49.196 [KeyDown] keyCode=S focused=btnStart
11:10:49.230 [KeyDown] keyCode=S focused=btnStart
11:10:49.258 [KeyDown] keyCode=S focused=btnStart
11:10:49.291 [KeyDown] keyCode=S focused=btnStart
11:10:49.320 [KeyDown] keyCode=S focused=btnStart
11:10:49.353 [KeyDown] keyCode=S focused=btnStart
11:10:49.381 [KeyDown] keyCode=S focused=btnStart
11:10:49.410 [KeyDown] keyCode=S focused=btnStart
11:10:49.441 [KeyDown] keyCode=S focused=btnStart
11:10:49.471 [KeyDown] keyCode=S focused=btnStart
11:10:49.503 [KeyDown] keyCode=S focused=btnStart
11:10:49.532 [KeyDown] keyCode=S focused=btnStart
11:10:49.563 [KeyDown] keyCode=S focused=btnStart
11:10:49.594 [KeyDown] keyCode=S focused=btnStart
11:10:49.628 [KeyDown] keyCode=S focused=btnStart
11:10:49.651 [KeyDown] keyCode=S focused=btnStart
11:10:49.679 [KeyDown] keyCode=S focused=btnStart
11:10:49.711 [KeyDown] keyCode=S focused=btnStart
11:10:49.739 [KeyDown] keyCode=S focused=btnStart
11:10:49.770 [KeyDown] keyCode=S focused=btnStart
11:10:49.787 [KeyUp] keyCode=W
11:10:49.801 [KeyDown] keyCode=S focused=btnStart
11:10:49.831 [KeyDown] keyCode=S focused=btnStart
11:10:49.833 [Send] W=0 A=0 S=1 D=0 HWA=1.00 accel=0.00 decel=0.25 | emerg=0 mode=1
11:10:49.862 [KeyDown] keyCode=S focused=btnStart
11:10:49.892 [KeyDown] keyCode=S focused=btnStart
11:10:49.921 [KeyDown] keyCode=S focused=btnStart
11:10:49.951 [KeyDown] keyCode=S focused=btnStart
11:10:49.984 [KeyDown] keyCode=S focused=btnStart
11:10:50.012 [KeyDown] keyCode=S focused=btnStart
11:10:50.021 [KeyUp] keyCode=S
11:10:50.082 [Send] W=0 A=0 S=0 D=0 HWA=1.00 accel=0.00 decel=0.00 | emerg=0 mode=1
11:10:50.409 [KeyDown] keyCode=W focused=btnStart
11:10:50.459 [Send] W=1 A=0 S=0 D=0 HWA=1.00 accel=0.25 decel=0.00 | emerg=0 mode=1
11:10:50.910 [KeyDown] keyCode=W focused=btnStart
11:10:50.941 [KeyDown] keyCode=W focused=btnStart
11:10:50.969 [KeyDown] keyCode=W focused=btnStart
11:10:51.001 [KeyDown] keyCode=W focused=btnStart
11:10:51.029 [KeyDown] keyCode=W focused=btnStart
11:10:51.059 [KeyDown] keyCode=W focused=btnStart
11:10:51.091 [KeyDown] keyCode=W focused=btnStart
11:10:51.104 [KeyDown] keyCode=S focused=btnStart
11:10:51.148 [Send] W=1 A=0 S=1 D=0 HWA=1.00 accel=0.00 decel=0.00 | emerg=0 mode=1
11:10:51.603 [KeyDown] keyCode=S focused=btnStart
11:10:51.634 [KeyDown] keyCode=S focused=btnStart
11:10:51.665 [KeyDown] keyCode=S focused=btnStart
11:10:51.694 [KeyDown] keyCode=S focused=btnStart
11:10:51.724 [KeyDown] keyCode=S focused=btnStart
11:10:51.751 [KeyDown] keyCode=S focused=btnStart
11:10:51.784 [KeyDown] keyCode=S focused=btnStart
11:10:51.814 [KeyDown] keyCode=S focused=btnStart
11:10:51.845 [KeyDown] keyCode=S focused=btnStart
11:10:51.876 [KeyDown] keyCode=S focused=btnStart
11:10:51.905 [KeyDown] keyCode=S focused=btnStart
11:10:51.935 [KeyDown] keyCode=S focused=btnStart
11:10:51.961 [KeyDown] keyCode=S focused=btnStart
11:10:51.992 [KeyDown] keyCode=S focused=btnStart
11:10:52.025 [KeyDown] keyCode=S focused=btnStart
11:10:52.042 [KeyUp] keyCode=S
11:10:52.045 [Send] W=1 A=0 S=0 D=0 HWA=1.00 accel=0.25 decel=0.00 | emerg=0 mode=1
11:10:52.053 [KeyUp] keyCode=W
11:10:52.107 [Send] W=0 A=0 S=0 D=0 HWA=1.00 accel=0.00 decel=0.00 | emerg=0 mode=1
11:10:57.439 [KeyDown] keyCode=W focused=btnStart
11:10:57.466 [Send] W=1 A=0 S=0 D=0 HWA=1.00 accel=0.25 decel=0.00 | emerg=0 mode=1
11:10:57.939 [KeyDown] keyCode=W focused=btnStart
11:10:57.967 [KeyDown] keyCode=W focused=btnStart
11:10:57.991 [KeyDown] keyCode=S focused=btnStart
11:10:58.028 [Send] W=1 A=0 S=1 D=0 HWA=1.00 accel=0.00 decel=0.00 | emerg=0 mode=1
11:10:58.493 [KeyDown] keyCode=S focused=btnStart
11:10:58.522 [KeyDown] keyCode=S focused=btnStart
11:10:58.552 [KeyDown] keyCode=S focused=btnStart
11:10:58.583 [KeyDown] keyCode=S focused=btnStart
11:10:58.612 [KeyDown] keyCode=S focused=btnStart
11:10:58.642 [KeyDown] keyCode=S focused=btnStart
11:10:58.688 [KeyDown] keyCode=S focused=btnStart
11:10:58.702 [KeyDown] keyCode=S focused=btnStart
11:10:58.733 [KeyDown] keyCode=S focused=btnStart
11:10:58.762 [KeyDown] keyCode=S focused=btnStart
11:10:58.792 [KeyDown] keyCode=S focused=btnStart
11:10:58.822 [KeyDown] keyCode=S focused=btnStart
11:10:58.852 [KeyDown] keyCode=S focused=btnStart
11:10:58.883 [KeyDown] keyCode=S focused=btnStart
11:10:58.913 [KeyDown] keyCode=S focused=btnStart
11:10:58.946 [KeyDown] keyCode=S focused=btnStart
11:10:58.973 [KeyDown] keyCode=S focused=btnStart
11:10:59.002 [KeyDown] keyCode=S focused=btnStart
11:10:59.033 [KeyDown] keyCode=S focused=btnStart
11:10:59.062 [KeyDown] keyCode=S focused=btnStart
11:10:59.091 [KeyDown] keyCode=S focused=btnStart
11:10:59.122 [KeyDown] keyCode=S focused=btnStart
11:10:59.152 [KeyDown] keyCode=S focused=btnStart
11:10:59.182 [KeyDown] keyCode=S focused=btnStart
11:10:59.211 [KeyDown] keyCode=S focused=btnStart
11:10:59.241 [KeyDown] keyCode=S focused=btnStart
11:10:59.273 [KeyDown] keyCode=S focused=btnStart
11:10:59.303 [KeyDown] keyCode=S focused=btnStart
11:10:59.333 [KeyDown] keyCode=S focused=btnStart
11:10:59.364 [KeyDown] keyCode=S focused=btnStart
11:10:59.393 [KeyDown] keyCode=S focused=btnStart
11:10:59.425 [KeyDown] keyCode=S focused=btnStart
11:10:59.457 [KeyDown] keyCode=S focused=btnStart
11:10:59.483 [KeyDown] keyCode=S focused=btnStart
11:10:59.516 [KeyDown] keyCode=S focused=btnStart
11:10:59.542 [KeyDown] keyCode=S focused=btnStart
11:10:59.572 [KeyDown] keyCode=S focused=btnStart
11:10:59.601 [KeyDown] keyCode=S focused=btnStart
11:10:59.632 [KeyDown] keyCode=S focused=btnStart
11:10:59.661 [KeyDown] keyCode=S focused=btnStart
11:10:59.692 [KeyDown] keyCode=S focused=btnStart
11:10:59.721 [KeyDown] keyCode=S focused=btnStart
11:10:59.751 [KeyDown] keyCode=S focused=btnStart
11:10:59.782 [KeyDown] keyCode=S focused=btnStart
11:10:59.810 [KeyDown] keyCode=S focused=btnStart
11:10:59.841 [KeyDown] keyCode=S focused=btnStart
11:10:59.872 [KeyDown] keyCode=S focused=btnStart
11:10:59.903 [KeyDown] keyCode=S focused=btnStart
11:10:59.931 [KeyDown] keyCode=S focused=btnStart
11:10:59.964 [KeyDown] keyCode=S focused=btnStart
11:10:59.993 [KeyDown] keyCode=S focused=btnStart
11:11:00.027 [KeyDown] keyCode=S focused=btnStart
11:11:00.053 [KeyDown] keyCode=S focused=btnStart
11:11:00.084 [KeyDown] keyCode=S focused=btnStart
11:11:00.113 [KeyDown] keyCode=S focused=btnStart
11:11:00.142 [KeyDown] keyCode=S focused=btnStart
11:11:00.172 [KeyDown] keyCode=S focused=btnStart
11:11:00.192 [KeyUp] keyCode=S
11:11:00.205 [KeyUp] keyCode=W
11:11:00.234 [Send] W=0 A=0 S=0 D=0 HWA=1.00 accel=0.00 decel=0.00 | emerg=0 mode=1
11:34:05.168 [KeyDown] keyCode=W focused=btnStart
11:34:05.192 [Send] W=1 A=0 S=0 D=0 HWA=1.00 accel=0.25 decel=0.00 | emerg=0 mode=1
11:34:05.400 [KeyUp] keyCode=W
11:34:05.442 [Send] W=0 A=0 S=0 D=0 HWA=1.00 accel=0.00 decel=0.00 | emerg=0 mode=1
11:34:06.034 [KeyDown] keyCode=W focused=btnStart
11:34:06.067 [Send] W=1 A=0 S=0 D=0 HWA=1.00 accel=0.25 decel=0.00 | emerg=0 mode=1
11:34:06.531 [KeyDown] keyCode=W focused=btnStart
11:34:06.561 [KeyDown] keyCode=W focused=btnStart
11:34:06.592 [KeyDown] keyCode=W focused=btnStart
11:34:06.621 [KeyDown] keyCode=W focused=btnStart
11:34:06.652 [KeyDown] keyCode=W focused=btnStart
11:34:06.681 [KeyDown] keyCode=W focused=btnStart
11:34:06.712 [KeyDown] keyCode=W focused=btnStart
11:34:06.742 [KeyDown] keyCode=W focused=btnStart
11:34:06.773 [KeyDown] keyCode=W focused=btnStart
11:34:06.802 [KeyDown] keyCode=W focused=btnStart
11:34:06.834 [KeyDown] keyCode=W focused=btnStart
11:34:06.862 [KeyDown] keyCode=W focused=btnStart
11:34:06.890 [KeyDown] keyCode=W focused=btnStart
11:34:06.912 [KeyUp] keyCode=W
11:34:06.935 [Send] W=0 A=0 S=0 D=0 HWA=1.00 accel=0.00 decel=0.00 | emerg=0 mode=1
11:34:08.290 [KeyDown] keyCode=W focused=btnStart
11:34:08.313 [Send] W=1 A=0 S=0 D=0 HWA=1.00 accel=0.25 decel=0.00 | emerg=0 mode=1
11:34:08.523 [KeyUp] keyCode=W
11:34:08.564 [Send] W=0 A=0 S=0 D=0 HWA=1.00 accel=0.00 decel=0.00 | emerg=0 mode=1
11:40:53.158 [KeyDown] keyCode=W focused=btnStart
11:40:53.184 [Send] W=1 A=0 S=0 D=0 HWA=1.00 accel=0.25 decel=0.00 | emerg=0 mode=1
11:40:53.579 [KeyUp] keyCode=W
11:40:53.618 [Send] W=0 A=0 S=0 D=0 HWA=1.00 accel=0.00 decel=0.00 | emerg=0 mode=1
11:40:54.116 [KeyDown] keyCode=W focused=btnStart
11:40:54.176 [Send] W=1 A=0 S=0 D=0 HWA=1.00 accel=0.25 decel=0.00 | emerg=0 mode=1
11:40:54.540 [KeyUp] keyCode=W
11:40:54.549 [Send] W=0 A=0 S=0 D=0 HWA=1.00 accel=0.00 decel=0.00 | emerg=0 mode=1
11:40:55.211 [KeyDown] keyCode=S focused=btnStart
11:40:55.234 [Send] W=0 A=0 S=1 D=0 HWA=1.00 accel=0.00 decel=0.25 | emerg=0 mode=1
11:40:55.479 [KeyUp] keyCode=S
11:40:55.486 [Send] W=0 A=0 S=0 D=0 HWA=1.00 accel=0.00 decel=0.00 | emerg=0 mode=1
11:40:55.730 [KeyDown] keyCode=S focused=btnStart
11:40:55.739 [Send] W=0 A=0 S=1 D=0 HWA=1.00 accel=0.00 decel=0.25 | emerg=0 mode=1
11:40:55.931 [KeyUp] keyCode=S
11:40:55.988 [Send] W=0 A=0 S=0 D=0 HWA=1.00 accel=0.00 decel=0.00 | emerg=0 mode=1
11:40:56.266 [KeyDown] keyCode=S focused=btnStart
11:40:56.297 [Send] W=0 A=0 S=1 D=0 HWA=1.00 accel=0.00 decel=0.25 | emerg=0 mode=1
11:40:56.513 [KeyUp] keyCode=S
11:40:56.546 [Send] W=0 A=0 S=0 D=0 HWA=1.00 accel=0.00 decel=0.00 | emerg=0 mode=1
11:40:57.040 [KeyDown] keyCode=S focused=btnStart
11:40:57.056 [Send] W=0 A=0 S=1 D=0 HWA=1.00 accel=0.00 decel=0.25 | emerg=0 mode=1
11:40:57.267 [KeyUp] keyCode=S
11:40:57.305 [Send] W=0 A=0 S=0 D=0 HWA=1.00 accel=0.00 decel=0.00 | emerg=0 mode=1
11:40:57.620 [KeyDown] keyCode=W focused=btnStart
11:40:57.679 [Send] W=1 A=0 S=0 D=0 HWA=1.00 accel=0.25 decel=0.00 | emerg=0 mode=1
11:40:57.809 [KeyUp] keyCode=W
11:40:57.864 [Send] W=0 A=0 S=0 D=0 HWA=1.00 accel=0.00 decel=0.00 | emerg=0 mode=1
11:40:58.549 [KeyDown] keyCode=W focused=btnStart
11:40:58.552 [Send] W=1 A=0 S=0 D=0 HWA=1.00 accel=0.25 decel=0.00 | emerg=0 mode=1
11:40:58.832 [KeyUp] keyCode=W
11:40:58.863 [Send] W=0 A=0 S=0 D=0 HWA=1.00 accel=0.00 decel=0.00 | emerg=0 mode=1
11:41:03.782 [KeyDown] keyCode=W focused=btnStart
11:41:03.804 [Send] W=1 A=0 S=0 D=0 HWA=1.00 accel=0.25 decel=0.00 | emerg=0 mode=1
11:41:03.939 [KeyUp] keyCode=W
11:41:03.992 [Send] W=0 A=0 S=0 D=0 HWA=1.00 accel=0.00 decel=0.00 | emerg=0 mode=1
11:41:04.376 [KeyDown] keyCode=W focused=btnStart
11:41:04.426 [Send] W=1 A=0 S=0 D=0 HWA=1.00 accel=0.25 decel=0.00 | emerg=0 mode=1
11:41:04.894 [KeyDown] keyCode=W focused=btnStart
11:41:04.905 [KeyDown] keyCode=W focused=btnStart
11:41:04.936 [KeyDown] keyCode=W focused=btnStart
11:41:04.966 [KeyDown] keyCode=W focused=btnStart
11:41:04.994 [KeyDown] keyCode=W focused=btnStart
11:41:05.026 [KeyDown] keyCode=W focused=btnStart
11:41:05.056 [KeyDown] keyCode=W focused=btnStart
11:41:05.084 [KeyDown] keyCode=W focused=btnStart
11:41:05.114 [KeyDown] keyCode=W focused=btnStart
11:41:05.121 [KeyUp] keyCode=W
11:41:05.169 [Send] W=0 A=0 S=0 D=0 HWA=1.00 accel=0.00 decel=0.00 | emerg=0 mode=1
11:41:05.842 [KeyDown] keyCode=A focused=btnStart
11:41:05.868 [Send] W=0 A=1 S=0 D=0 HWA=0.25 accel=0.00 decel=0.00 | emerg=0 mode=1
11:41:05.965 [KeyUp] keyCode=A
11:41:05.993 [Send] W=0 A=0 S=0 D=0 HWA=1.00 accel=0.00 decel=0.00 | emerg=0 mode=1
11:41:06.209 [KeyDown] keyCode=W focused=btnStart
11:41:06.241 [Send] W=1 A=0 S=0 D=0 HWA=1.00 accel=0.25 decel=0.00 | emerg=0 mode=1
11:41:06.524 [KeyUp] keyCode=W
11:41:06.552 [Send] W=0 A=0 S=0 D=0 HWA=1.00 accel=0.00 decel=0.00 | emerg=0 mode=1
11:41:06.710 [KeyDown] keyCode=S focused=btnStart
11:41:06.738 [Send] W=0 A=0 S=1 D=0 HWA=1.00 accel=0.00 decel=0.25 | emerg=0 mode=1
11:41:07.212 [KeyDown] keyCode=S focused=btnStart
11:41:07.218 [KeyUp] keyCode=S
11:41:07.235 [Send] W=0 A=0 S=0 D=0 HWA=1.00 accel=0.00 decel=0.00 | emerg=0 mode=1
11:41:07.509 [KeyDown] keyCode=W focused=btnStart
11:41:07.549 [Send] W=1 A=0 S=0 D=0 HWA=1.00 accel=0.25 decel=0.00 | emerg=0 mode=1
11:41:07.692 [KeyUp] keyCode=W
11:41:07.739 [Send] W=0 A=0 S=0 D=0 HWA=1.00 accel=0.00 decel=0.00 | emerg=0 mode=1
11:41:07.857 [KeyDown] keyCode=W focused=btnStart
11:41:07.863 [Send] W=1 A=0 S=0 D=0 HWA=1.00 accel=0.25 decel=0.00 | emerg=0 mode=1
11:41:08.042 [KeyUp] keyCode=W
11:41:08.050 [Send] W=0 A=0 S=0 D=0 HWA=1.00 accel=0.00 decel=0.00 | emerg=0 mode=1
11:41:08.356 [KeyDown] keyCode=W focused=btnStart
11:41:08.361 [Send] W=1 A=0 S=0 D=0 HWA=1.00 accel=0.25 decel=0.00 | emerg=0 mode=1
11:41:08.514 [KeyUp] keyCode=W
11:41:08.545 [Send] W=0 A=0 S=0 D=0 HWA=1.00 accel=0.00 decel=0.00 | emerg=0 mode=1
11:41:10.595 [KeyDown] keyCode=W focused=btnStart
11:41:10.611 [Send] W=1 A=0 S=0 D=0 HWA=1.00 accel=0.25 decel=0.00 | emerg=0 mode=1
11:41:10.790 [KeyUp] keyCode=W
11:41:10.799 [Send] W=0 A=0 S=0 D=0 HWA=1.00 accel=0.00 decel=0.00 | emerg=0 mode=1
11:41:11.059 [KeyDown] keyCode=W focused=btnStart
11:41:11.111 [Send] W=1 A=0 S=0 D=0 HWA=1.00 accel=0.25 decel=0.00 | emerg=0 mode=1
11:41:11.216 [KeyUp] keyCode=W
11:41:11.235 [Send] W=0 A=0 S=0 D=0 HWA=1.00 accel=0.00 decel=0.00 | emerg=0 mode=1
11:41:12.217 [KeyDown] keyCode=W focused=btnStart
11:41:12.246 [Send] W=1 A=0 S=0 D=0 HWA=1.00 accel=0.25 decel=0.00 | emerg=0 mode=1
11:41:12.414 [KeyUp] keyCode=W
11:41:12.435 [Send] W=0 A=0 S=0 D=0 HWA=1.00 accel=0.00 decel=0.00 | emerg=0 mode=1
11:41:25.905 [KeyDown] keyCode=W focused=btnStart
11:41:25.953 [Send] W=1 A=0 S=0 D=0 HWA=1.00 accel=0.25 decel=0.00 | emerg=0 mode=1
11:41:26.407 [KeyDown] keyCode=W focused=btnStart
11:41:26.439 [KeyDown] keyCode=W focused=btnStart
11:41:26.466 [KeyDown] keyCode=W focused=btnStart
11:41:26.496 [KeyDown] keyCode=W focused=btnStart
11:41:26.525 [KeyDown] keyCode=W focused=btnStart
11:41:26.554 [KeyDown] keyCode=W focused=btnStart
11:41:26.584 [KeyDown] keyCode=W focused=btnStart
11:41:26.614 [KeyDown] keyCode=W focused=btnStart
11:41:26.645 [KeyDown] keyCode=W focused=btnStart
11:41:26.676 [KeyDown] keyCode=W focused=btnStart
11:41:26.706 [KeyDown] keyCode=W focused=btnStart
11:41:26.737 [KeyDown] keyCode=W focused=btnStart
11:41:26.768 [KeyDown] keyCode=W focused=btnStart
11:41:26.798 [KeyDown] keyCode=W focused=btnStart
11:41:26.827 [KeyDown] keyCode=W focused=btnStart
11:41:26.856 [KeyDown] keyCode=W focused=btnStart
11:41:26.889 [KeyDown] keyCode=W focused=btnStart
11:41:26.919 [KeyDown] keyCode=W focused=btnStart
11:41:26.946 [KeyDown] keyCode=W focused=btnStart
11:41:26.977 [KeyDown] keyCode=W focused=btnStart
11:41:27.005 [KeyDown] keyCode=W focused=btnStart
11:41:27.033 [KeyDown] keyCode=W focused=btnStart
11:41:27.064 [KeyDown] keyCode=W focused=btnStart
11:41:27.096 [KeyDown] keyCode=W focused=btnStart
11:41:27.126 [KeyDown] keyCode=W focused=btnStart
11:41:27.153 [KeyDown] keyCode=W focused=btnStart
11:41:27.185 [KeyDown] keyCode=W focused=btnStart
11:41:27.207 [KeyUp] keyCode=W
11:41:27.214 [Send] W=0 A=0 S=0 D=0 HWA=1.00 accel=0.00 decel=0.00 | emerg=0 mode=1
11:41:27.682 [KeyDown] keyCode=W focused=btnStart
11:41:27.714 [Send] W=1 A=0 S=0 D=0 HWA=1.00 accel=0.25 decel=0.00 | emerg=0 mode=1
11:41:28.181 [KeyDown] keyCode=W focused=btnStart
11:41:28.211 [KeyDown] keyCode=W focused=btnStart
11:41:28.240 [KeyDown] keyCode=W focused=btnStart
11:41:28.270 [KeyDown] keyCode=W focused=btnStart
11:41:28.302 [KeyDown] keyCode=W focused=btnStart
11:41:28.332 [KeyDown] keyCode=W focused=btnStart
11:41:28.362 [KeyDown] keyCode=W focused=btnStart
11:41:28.381 [KeyUp] keyCode=W
11:41:28.402 [Send] W=0 A=0 S=0 D=0 HWA=1.00 accel=0.00 decel=0.00 | emerg=0 mode=1
11:41:28.729 [KeyDown] keyCode=S focused=btnStart
11:41:28.767 [Send] W=0 A=0 S=1 D=0 HWA=1.00 accel=0.00 decel=0.25 | emerg=0 mode=1
11:41:29.230 [KeyDown] keyCode=S focused=btnStart
11:41:29.259 [KeyDown] keyCode=S focused=btnStart
11:41:29.289 [KeyDown] keyCode=S focused=btnStart
11:41:29.333 [KeyDown] keyCode=S focused=btnStart
11:41:29.351 [KeyDown] keyCode=S focused=btnStart
11:41:29.381 [KeyDown] keyCode=S focused=btnStart
11:41:29.386 [KeyUp] keyCode=S
11:41:29.405 [Send] W=0 A=0 S=0 D=0 HWA=1.00 accel=0.00 decel=0.00 | emerg=0 mode=1
11:41:29.629 [KeyDown] keyCode=W focused=btnStart
11:41:29.653 [Send] W=1 A=0 S=0 D=0 HWA=1.00 accel=0.25 decel=0.00 | emerg=0 mode=1
11:41:30.129 [KeyDown] keyCode=W focused=btnStart
11:41:30.161 [KeyDown] keyCode=W focused=btnStart
11:41:30.193 [KeyDown] keyCode=W focused=btnStart
11:41:30.219 [KeyDown] keyCode=W focused=btnStart
11:41:30.249 [KeyDown] keyCode=W focused=btnStart
11:41:30.279 [KeyDown] keyCode=W focused=btnStart
11:41:30.282 [KeyUp] keyCode=W
11:41:30.286 [Send] W=0 A=0 S=0 D=0 HWA=1.00 accel=0.00 decel=0.00 | emerg=0 mode=1
11:41:30.999 [KeyDown] keyCode=A focused=btnStart
11:41:31.032 [Send] W=0 A=1 S=0 D=0 HWA=0.25 accel=0.00 decel=0.00 | emerg=0 mode=1
11:41:31.497 [KeyDown] keyCode=A focused=btnStart
11:41:31.526 [KeyDown] keyCode=A focused=btnStart
11:41:31.539 [KeyUp] keyCode=A
11:41:31.601 [Send] W=0 A=0 S=0 D=0 HWA=1.00 accel=0.00 decel=0.00 | emerg=0 mode=1
11:41:32.242 [KeyDown] keyCode=D focused=btnStart
11:41:32.248 [Send] W=0 A=0 S=0 D=1 HWA=-0.25 accel=0.00 decel=0.00 | emerg=0 mode=1
11:41:32.661 [KeyUp] keyCode=D
11:41:32.699 [Send] W=0 A=0 S=0 D=0 HWA=1.00 accel=0.00 decel=0.00 | emerg=0 mode=1
11:41:32.950 [KeyDown] keyCode=W focused=btnStart
11:41:32.965 [Send] W=1 A=0 S=0 D=0 HWA=1.00 accel=0.25 decel=0.00 | emerg=0 mode=1
11:41:33.237 [KeyUp] keyCode=W
11:41:33.275 [Send] W=0 A=0 S=0 D=0 HWA=1.00 accel=0.00 decel=0.00 | emerg=0 mode=1
11:41:34.006 [KeyDown] keyCode=X focused=btnStart
11:41:34.318 [KeyUp] keyCode=X
11:41:35.104 [KeyDown] keyCode=S focused=btnStart
11:41:35.148 [Send] W=0 A=0 S=1 D=0 HWA=1.00 accel=0.00 decel=0.25 | emerg=0 mode=1
11:41:35.327 [KeyUp] keyCode=S
11:41:35.390 [Send] W=0 A=0 S=0 D=0 HWA=1.00 accel=0.00 decel=0.00 | emerg=0 mode=1
11:41:35.637 [KeyDown] keyCode=W focused=btnStart
11:41:35.653 [Send] W=1 A=0 S=0 D=0 HWA=1.00 accel=0.25 decel=0.00 | emerg=0 mode=1
11:41:35.860 [KeyUp] keyCode=W
11:41:35.918 [Send] W=0 A=0 S=0 D=0 HWA=1.00 accel=0.00 decel=0.00 | emerg=0 mode=1
11:41:36.173 [KeyDown] keyCode=D focused=btnStart
11:41:36.231 [Send] W=0 A=0 S=0 D=1 HWA=-0.25 accel=0.00 decel=0.00 | emerg=0 mode=1
11:41:36.452 [KeyUp] keyCode=D
11:41:36.467 [Send] W=0 A=0 S=0 D=0 HWA=1.00 accel=0.00 decel=0.00 | emerg=0 mode=1
