2026-08-14 07:22:31.350: [INFO] CurrentProfilePath: C:\Users\beast\Desktop\Remote_Video_Controller\Remote_Video_Controller\bin\Debug\WebView2Data\EBWebView\Default
2026-08-14 07:22:31.350: [INFO] Profiles total count: 1
2026-08-14 07:22:31.350: [INFO] Profile: name=用户配置 1 path=C:\Users\beast\Desktop\Remote_Video_Controller\Remote_Video_Controller\bin\Debug\WebView2Data\EBWebView\Default lastActive=null
2026-08-14 07:22:31.350: [INFO] LastUsedProfileDir: C:\Users\beast\Desktop\Remote_Video_Controller\Remote_Video_Controller\bin\Debug\WebView2Data\EBWebView\Default
2026-08-14 07:22:31.350: [INFO] OnDoneLoading sync enabled: 0
2026-08-14 07:22:31.350: [INFO] BookmarkModelLoaded, ids_reassigned: 0
2026-08-14 07:22:31.350: [INFO] BookmarksLoadDropped droppedNodes=0
2026-08-14 07:22:31.350: [INFO] BookmarksSnapshot Startup total=0 bar=0 other=0 mobile=0 showBar=0 showBarNTP=1
2026-08-14 09:04:55.114: [INFO] BookmarksSnapshot Shutdown total=0 bar=0 other=0 mobile=0 showBar=0 showBarNTP=1
2026-08-28 02:52:28.166: [INFO] CurrentProfilePath: C:\Users\beast\Desktop\Desktop_t6\Remote_Video_Controller\Remote_Video_Controller\bin\Debug\WebView2Data\EBWebView\Default
2026-08-28 02:52:28.166: [INFO] Profiles total count: 1
2026-08-28 02:52:28.166: [INFO] Profile: name=用户配置 1 path=C:\Users\beast\Desktop\Desktop_t6\Remote_Video_Controller\Remote_Video_Controller\bin\Debug\WebView2Data\EBWebView\Default lastActive=2026-08-14T07:54:08.961Z
2026-08-28 02:52:28.166: [INFO] LastUsedProfileDir: C:\Users\beast\Desktop\Desktop_t6\Remote_Video_Controller\Remote_Video_Controller\bin\Debug\WebView2Data\EBWebView\Default
2026-08-28 02:52:28.166: [INFO] MostRecentlyActiveProfile: name=用户配置 1 path=C:\Users\beast\Desktop\Desktop_t6\Remote_Video_Controller\Remote_Video_Controller\bin\Debug\WebView2Data\EBWebView\Default lastActive=2026-08-14T07:54:08.961Z
2026-08-28 02:52:28.166: [INFO] OnDoneLoading sync enabled: 0
2026-08-28 02:52:28.166: [INFO] BookmarkModelLoaded, ids_reassigned: 0
2026-08-28 02:52:28.166: [INFO] BookmarksLoadDropped droppedNodes=0
2026-08-28 02:52:28.166: [INFO] BookmarksSnapshot Startup total=0 bar=0 other=0 mobile=0 showBar=0 showBarNTP=1
2026-08-28 03:51:32.246: [INFO] BookmarksSnapshot Shutdown total=0 bar=0 other=0 mobile=0 showBar=0 showBarNTP=1
2026-08-28 07:57:28.829: [INFO] CurrentProfilePath: C:\Users\beast\Desktop\Desktop_t6\Remote_Video_Controller\Remote_Video_Controller\bin\Debug\WebView2Data\EBWebView\Default
2026-08-28 07:57:28.829: [INFO] Profiles total count: 1
2026-08-28 07:57:28.832: [INFO] Profile: name=用户配置 1 path=C:\Users\beast\Desktop\Desktop_t6\Remote_Video_Controller\Remote_Video_Controller\bin\Debug\WebView2Data\EBWebView\Default lastActive=2026-08-28T03:03:18.419Z
2026-08-28 07:57:28.832: [INFO] LastUsedProfileDir: C:\Users\beast\Desktop\Desktop_t6\Remote_Video_Controller\Remote_Video_Controller\bin\Debug\WebView2Data\EBWebView\Default
2026-08-28 07:57:28.832: [INFO] MostRecentlyActiveProfile: name=用户配置 1 path=C:\Users\beast\Desktop\Desktop_t6\Remote_Video_Controller\Remote_Video_Controller\bin\Debug\WebView2Data\EBWebView\Default lastActive=2026-08-28T03:03:18.419Z
2026-08-28 07:57:28.832: [INFO] OnDoneLoading sync enabled: 0
2026-08-28 07:57:28.832: [INFO] BookmarkModelLoaded, ids_reassigned: 0
2026-08-28 07:57:28.832: [INFO] BookmarksLoadDropped droppedNodes=0
2026-08-28 07:57:28.832: [INFO] BookmarksSnapshot Startup total=0 bar=0 other=0 mobile=0 showBar=0 showBarNTP=1
2026-08-28 10:02:32.417: [INFO] BookmarksSnapshot Shutdown total=0 bar=0 other=0 mobile=0 showBar=0 showBarNTP=1
2026-08-28 10:03:06.944: [INFO] CurrentProfilePath: C:\Users\beast\Desktop\Desktop_t6\Remote_Video_Controller\Remote_Video_Controller\bin\Debug\WebView2Data\EBWebView\Default
2026-08-28 10:03:06.944: [INFO] Profiles total count: 1
2026-08-28 10:03:06.948: [INFO] Profile: name=用户配置 1 path=C:\Users\beast\Desktop\Desktop_t6\Remote_Video_Controller\Remote_Video_Controller\bin\Debug\WebView2Data\EBWebView\Default lastActive=2026-08-28T09:13:14.168Z
2026-08-28 10:03:06.948: [INFO] LastUsedProfileDir: C:\Users\beast\Desktop\Desktop_t6\Remote_Video_Controller\Remote_Video_Controller\bin\Debug\WebView2Data\EBWebView\Default
2026-08-28 10:03:06.948: [INFO] MostRecentlyActiveProfile: name=用户配置 1 path=C:\Users\beast\Desktop\Desktop_t6\Remote_Video_Controller\Remote_Video_Controller\bin\Debug\WebView2Data\EBWebView\Default lastActive=2026-08-28T09:13:14.168Z
2026-08-28 10:03:06.948: [INFO] OnDoneLoading sync enabled: 0
2026-08-28 10:03:06.948: [INFO] BookmarkModelLoaded, ids_reassigned: 0
2026-08-28 10:03:06.948: [INFO] BookmarksLoadDropped droppedNodes=0
2026-08-28 10:03:06.948: [INFO] BookmarksSnapshot Startup total=0 bar=0 other=0 mobile=0 showBar=0 showBarNTP=1
2026-08-28 10:06:35.173: [INFO] BookmarksSnapshot Shutdown total=0 bar=0 other=0 mobile=0 showBar=0 showBarNTP=1
2026-08-31 02:21:57.246: [INFO] CurrentProfilePath: C:\Users\beast\Desktop\Desktop_t6\Remote_Video_Controller\Remote_Video_Controller\bin\Debug\WebView2Data\EBWebView\Default
2026-08-31 02:21:57.246: [INFO] Profiles total count: 1
2026-08-31 02:21:57.249: [INFO] Profile: name=用户配置 1 path=C:\Users\beast\Desktop\Desktop_t6\Remote_Video_Controller\Remote_Video_Controller\bin\Debug\WebView2Data\EBWebView\Default lastActive=2026-08-28T09:13:14.168Z
2026-08-31 02:21:57.249: [INFO] LastUsedProfileDir: C:\Users\beast\Desktop\Desktop_t6\Remote_Video_Controller\Remote_Video_Controller\bin\Debug\WebView2Data\EBWebView\Default
2026-08-31 02:21:57.249: [INFO] MostRecentlyActiveProfile: name=用户配置 1 path=C:\Users\beast\Desktop\Desktop_t6\Remote_Video_Controller\Remote_Video_Controller\bin\Debug\WebView2Data\EBWebView\Default lastActive=2026-08-28T09:13:14.168Z
2026-08-31 02:21:57.249: [INFO] OnDoneLoading sync enabled: 0
2026-08-31 02:21:57.249: [INFO] BookmarkModelLoaded, ids_reassigned: 0
2026-08-31 02:21:57.249: [INFO] BookmarksLoadDropped droppedNodes=0
2026-08-31 02:21:57.249: [INFO] BookmarksSnapshot Startup total=0 bar=0 other=0 mobile=0 showBar=0 showBarNTP=1
2026-08-31 02:27:39.757: [INFO] BookmarksSnapshot Shutdown total=0 bar=0 other=0 mobile=0 showBar=0 showBarNTP=1
2026-08-31 02:43:58.613: [INFO] CurrentProfilePath: C:\Users\beast\Desktop\Desktop_t6\Remote_Video_Controller\Remote_Video_Controller\bin\Debug\WebView2Data\EBWebView\Default
2026-08-31 02:43:58.613: [INFO] Profiles total count: 1
2026-08-31 02:43:58.617: [INFO] Profile: name=用户配置 1 path=C:\Users\beast\Desktop\Desktop_t6\Remote_Video_Controller\Remote_Video_Controller\bin\Debug\WebView2Data\EBWebView\Default lastActive=2026-08-28T09:13:14.168Z
2026-08-31 02:43:58.617: [INFO] LastUsedProfileDir: C:\Users\beast\Desktop\Desktop_t6\Remote_Video_Controller\Remote_Video_Controller\bin\Debug\WebView2Data\EBWebView\Default
2026-08-31 02:43:58.617: [INFO] MostRecentlyActiveProfile: name=用户配置 1 path=C:\Users\beast\Desktop\Desktop_t6\Remote_Video_Controller\Remote_Video_Controller\bin\Debug\WebView2Data\EBWebView\Default lastActive=2026-08-28T09:13:14.168Z
2026-08-31 02:43:58.617: [INFO] OnDoneLoading sync enabled: 0
2026-08-31 02:43:58.617: [INFO] BookmarkModelLoaded, ids_reassigned: 0
2026-08-31 02:43:58.617: [INFO] BookmarksLoadDropped droppedNodes=0
2026-08-31 02:43:58.617: [INFO] BookmarksSnapshot Startup total=0 bar=0 other=0 mobile=0 showBar=0 showBarNTP=1
2026-08-31 02:44:46.827: [INFO] BookmarksSnapshot Shutdown total=0 bar=0 other=0 mobile=0 showBar=0 showBarNTP=1
2026-08-31 02:47:17.990: [INFO] CurrentProfilePath: C:\Users\beast\Desktop\Desktop_t6\Remote_Video_Controller\Remote_Video_Controller\bin\Debug\WebView2Data\EBWebView\Default
2026-08-31 02:47:17.990: [INFO] Profiles total count: 1
2026-08-31 02:47:17.993: [INFO] Profile: name=用户配置 1 path=C:\Users\beast\Desktop\Desktop_t6\Remote_Video_Controller\Remote_Video_Controller\bin\Debug\WebView2Data\EBWebView\Default lastActive=2026-08-28T09:13:14.168Z
2026-08-31 02:47:17.993: [INFO] LastUsedProfileDir: C:\Users\beast\Desktop\Desktop_t6\Remote_Video_Controller\Remote_Video_Controller\bin\Debug\WebView2Data\EBWebView\Default
2026-08-31 02:47:17.993: [INFO] MostRecentlyActiveProfile: name=用户配置 1 path=C:\Users\beast\Desktop\Desktop_t6\Remote_Video_Controller\Remote_Video_Controller\bin\Debug\WebView2Data\EBWebView\Default lastActive=2026-08-28T09:13:14.168Z
2026-08-31 02:47:17.993: [INFO] OnDoneLoading sync enabled: 0
2026-08-31 02:47:17.993: [INFO] BookmarkModelLoaded, ids_reassigned: 0
2026-08-31 02:47:17.993: [INFO] BookmarksLoadDropped droppedNodes=0
2026-08-31 02:47:17.993: [INFO] BookmarksSnapshot Startup total=0 bar=0 other=0 mobile=0 showBar=0 showBarNTP=1
2026-08-31 03:47:22.831: [INFO] BookmarksSnapshot Shutdown total=0 bar=0 other=0 mobile=0 showBar=0 showBarNTP=1
